 Editor

 Timestamp is 5a039ebd (Wed Nov  8 19:18:05 2017)

 Preferred load address is 00400000

 Start         Length     Name                   Class
 0001:00000000 0001fbe9H .textbss                DATA
 0002:00000000 00005f30H .text$di                CODE
 0002:00005f30 0003dda0H .text$mn                CODE
 0002:00043cd0 00004330H .text$x                 CODE
 0002:00048000 00001106H .text$yd                CODE
 0003:00000000 00000104H .CRT$XCA                DATA
 0003:00000104 00000104H .CRT$XCAA               DATA
 0003:00000208 00000104H .CRT$XCL                DATA
 0003:0000030c 0000012cH .CRT$XCU                DATA
 0003:00000438 00000104H .CRT$XCZ                DATA
 0003:0000053c 00000104H .CRT$XIA                DATA
 0003:00000640 00000104H .CRT$XIAA               DATA
 0003:00000744 00000104H .CRT$XIAC               DATA
 0003:00000848 00000104H .CRT$XIZ                DATA
 0003:0000094c 00000104H .CRT$XPA                DATA
 0003:00000a50 00000104H .CRT$XPZ                DATA
 0003:00000b54 00000104H .CRT$XTA                DATA
 0003:00000c58 00000108H .CRT$XTZ                DATA
 0003:00000d60 00006380H .rdata                  DATA
 0003:000070e0 0000077cH .rdata$r                DATA
 0003:0000785c 00000188H .rdata$zzzdbg           DATA
 0003:000079e4 00000104H .rtc$IAA                DATA
 0003:00007ae8 00000144H .rtc$IMZ                DATA
 0003:00007c2c 00000104H .rtc$IZZ                DATA
 0003:00007d30 00000104H .rtc$TAA                DATA
 0003:00007e34 00000144H .rtc$TMZ                DATA
 0003:00007f78 00000108H .rtc$TZZ                DATA
 0003:00008080 0000346aH .xdata$x                DATA
 0003:0000b4ea 00000000H .edata                  DATA
 0004:00000000 00000180H .data                   DATA
 0004:00000180 00000448H .data$r                 DATA
 0004:000005c8 00000504H .bss                    DATA
 0005:00000000 000004b4H .idata$5                DATA
 0005:000004b4 00000064H .idata$2                DATA
 0005:00000518 00000014H .idata$3                DATA
 0005:0000052c 000004b4H .idata$4                DATA
 0005:000009e0 00001c65H .idata$6                DATA
 0006:00000000 00000104H .00cfg                  DATA
 0007:00000000 00000170H .rsrc$01                DATA
 0007:00000170 000002ccH .rsrc$02                DATA

  Address         Publics by Value              Rva+Base       Lib:Object

 0000:00000000       ___guard_longjmp_table     00000000     <absolute>
 0000:00000000       ___guard_fids_count        00000000     <absolute>
 0000:00000000       ___guard_iat_table         00000000     <absolute>
 0000:00000000       ___hybrid_auxiliary_iat    00000000     <absolute>
 0000:00000000       ___guard_iat_count         00000000     <absolute>
 0000:00000000       ___hybrid_code_map_count   00000000     <absolute>
 0000:00000000       ___guard_fids_table        00000000     <absolute>
 0000:00000000       ___dynamic_value_reloc_table 00000000     <absolute>
 0000:00000000       ___guard_longjmp_count     00000000     <absolute>
 0000:00000000       ___hybrid_code_map         00000000     <absolute>
 0000:00000000       ___safe_se_handler_count   00000000     <absolute>
 0000:00000000       ___safe_se_handler_table   00000000     <absolute>
 0000:00000000       ___enclave_config          00000000     <absolute>
 0000:00000100       ___guard_flags             00000100     <absolute>
 0000:00000000       ___ImageBase               00400000     <linker-defined>
 0001:00000000       __enc$textbss$begin        00401000     <linker-defined>
 0001:0001fbe9       __enc$textbss$end          00420be9     <linker-defined>
 0002:00005f30       ??$?0$$V@?$_Compressed_pair@V?$allocator@D@std@@V?$_String_val@U?$_Simple_types@D@std@@@2@$00@std@@QAE@U_Zero_then_variadic_args_t@1@@Z 00426f30 f i Editor.obj
 0002:00005f90       ??$?0D@?$allocator@U_Container_proxy@std@@@std@@QAE@ABV?$allocator@D@1@@Z 00426f90 f i Editor.obj
 0002:00005fd0       ??$_Convert_size@I@std@@YAII@Z 00426fd0 f i Editor.obj
 0002:00006010       ??$_Deallocate_plain@V?$allocator@U_Container_proxy@std@@@std@@$0A@@std@@YAXAAV?$allocator@U_Container_proxy@std@@@0@QAU_Container_proxy@0@@Z 00427010 f i Editor.obj
 0002:00006070       ??$_Max_value@I@std@@YAABIABI0@Z 00427070 f i Editor.obj
 0002:000060e0       ??$_Min_value@I@std@@YAABIABI0@Z 004270e0 f i Editor.obj
 0002:000062e0       ??$_Unfancy@D@std@@YAPADPAD@Z 004272e0 f i Editor.obj
 0002:00006320       ??$_Unfancy@U_Container_proxy@std@@@std@@YAPAU_Container_proxy@0@PAU10@@Z 00427320 f i Editor.obj
 0002:00006360       ??$addressof@PAD@std@@YAPAPADAAPAD@Z 00427360 f i Editor.obj
 0002:000063a0       ??$addressof@V?$_String_val@U?$_Simple_types@D@std@@@std@@@std@@YAPAV?$_String_val@U?$_Simple_types@D@std@@@0@AAV10@@Z 004273a0 f i Editor.obj
 0002:000063e0       ??$construct@PADABQAD@?$_Default_allocator_traits@V?$allocator@D@std@@@std@@SAXAAV?$allocator@D@1@QAPADABQAD@Z 004273e0 f i Editor.obj
 0002:00006460       ??$construct@U_Container_proxy@std@@U12@@?$_Default_allocator_traits@V?$allocator@U_Container_proxy@std@@@std@@@std@@SAXAAV?$allocator@U_Container_proxy@std@@@1@QAU_Container_proxy@1@$$QAU31@@Z 00427460 f i Editor.obj
 0002:000064e0       ??$destroy@PAD@?$_Default_allocator_traits@V?$allocator@D@std@@@std@@SAXAAV?$allocator@D@1@QAPAD@Z 004274e0 f i Editor.obj
 0002:00006510       ??$destroy@U_Container_proxy@std@@@?$_Default_allocator_traits@V?$allocator@U_Container_proxy@std@@@std@@@std@@SAXAAV?$allocator@U_Container_proxy@std@@@1@QAU_Container_proxy@1@@Z 00427510 f i Editor.obj
 0002:00006540       ??$forward@ABQAD@std@@YAABQADABQAD@Z 00427540 f i Editor.obj
 0002:00006580       ??$forward@U_Container_proxy@std@@@std@@YA$$QAU_Container_proxy@0@AAU10@@Z 00427580 f i Editor.obj
 0002:000065c0       ??0?$_String_alloc@U?$_String_base_types@DV?$allocator@D@std@@@std@@@std@@QAE@XZ 004275c0 f i Editor.obj
 0002:00006670       ??0?$_String_val@U?$_Simple_types@D@std@@@std@@QAE@XZ 00427670 f i Editor.obj
 0002:00006730       ??0?$allocator@D@std@@QAE@XZ 00427730 f i Editor.obj
 0002:00006770       ??0?$basic_string@DU?$char_traits@D@std@@V?$allocator@D@2@@std@@QAE@QBD@Z 00427770 f i Editor.obj
 0002:00006830       ??0Editor@@QAE@XZ          00427830 f   Editor.obj
 0002:000068b0       ??0_Bxty@?$_String_val@U?$_Simple_types@D@std@@@std@@QAE@XZ 004278b0 f i Editor.obj
 0002:000068f0       ??0_Container_base12@std@@QAE@XZ 004278f0 f i Editor.obj
 0002:00006940       ??0_Container_proxy@std@@QAE@XZ 00427940 f i Editor.obj
 0002:00006990       ??1?$_Compressed_pair@V?$allocator@D@std@@V?$_String_val@U?$_Simple_types@D@std@@@2@$00@std@@QAE@XZ 00427990 f i Editor.obj
 0002:000069e0       ??1?$_String_alloc@U?$_String_base_types@DV?$allocator@D@std@@@std@@@std@@QAE@XZ 004279e0 f i Editor.obj
 0002:00006a70       ??1?$_String_val@U?$_Simple_types@D@std@@@std@@QAE@XZ 00427a70 f i Editor.obj
 0002:00006ad0       ??1?$basic_string@DU?$char_traits@D@std@@V?$allocator@D@2@@std@@QAE@XZ 00427ad0 f i Editor.obj
 0002:00006b60       ??1Editor@@UAE@XZ          00427b60 f   Editor.obj
 0002:00006c00       ??1_Bxty@?$_String_val@U?$_Simple_types@D@std@@@std@@QAE@XZ 00427c00 f i Editor.obj
 0002:00006c40       ??1_Container_base12@std@@QAE@XZ 00427c40 f i Editor.obj
 0002:00006c90       ??2@YAPAXIPAX@Z            00427c90 f i Editor.obj
 0002:00006d60       ??_EEditor@@UAEPAXI@Z      00427d60 f i Editor.obj
 0002:00006d60       ??_GEditor@@UAEPAXI@Z      00427d60 f i Editor.obj
 0002:00006df0       ??_GGrid@@QAEPAXI@Z        00427df0 f i Editor.obj
 0002:00006e80       ??_GGridVisualizer@@QAEPAXI@Z 00427e80 f i Editor.obj
 0002:00006f10       ?_Alloc_proxy@?$_String_alloc@U?$_String_base_types@DV?$allocator@D@std@@@std@@@std@@QAEXXZ 00427f10 f i Editor.obj
 0002:00007030       ?_Allocate@std@@YAPAXII_N@Z 00428030 f i Editor.obj
 0002:00007280       ?_Calculate_growth@?$basic_string@DU?$char_traits@D@std@@V?$allocator@D@2@@std@@QBEII@Z 00428280 f i Editor.obj
 0002:00007390       ?_Deallocate@std@@YAXPAXII@Z 00428390 f i Editor.obj
 0002:000074d0       ?_Free_proxy@?$_String_alloc@U?$_String_base_types@DV?$allocator@D@std@@@std@@@std@@QAEXXZ 004284d0 f i Editor.obj
 0002:000075d0       ?_Get_data@?$_String_alloc@U?$_String_base_types@DV?$allocator@D@std@@@std@@@std@@QAEAAV?$_String_val@U?$_Simple_types@D@std@@@2@XZ 004285d0 f i Editor.obj
 0002:00007620       ?_Get_data@?$_String_alloc@U?$_String_base_types@DV?$allocator@D@std@@@std@@@std@@QBEABV?$_String_val@U?$_Simple_types@D@std@@@2@XZ 00428620 f i Editor.obj
 0002:00007670       ?_Get_first@?$_Compressed_pair@V?$allocator@D@std@@V?$_String_val@U?$_Simple_types@D@std@@@2@$00@std@@QAEAAV?$allocator@D@2@XZ 00428670 f i Editor.obj
 0002:000076b0       ?_Get_first@?$_Compressed_pair@V?$allocator@D@std@@V?$_String_val@U?$_Simple_types@D@std@@@2@$00@std@@QBEABV?$allocator@D@2@XZ 004286b0 f i Editor.obj
 0002:000076f0       ?_Get_second@?$_Compressed_pair@V?$allocator@D@std@@V?$_String_val@U?$_Simple_types@D@std@@@2@$00@std@@QAEAAV?$_String_val@U?$_Simple_types@D@std@@@2@XZ 004286f0 f i Editor.obj
 0002:00007730       ?_Get_second@?$_Compressed_pair@V?$allocator@D@std@@V?$_String_val@U?$_Simple_types@D@std@@@2@$00@std@@QBEABV?$_String_val@U?$_Simple_types@D@std@@@2@XZ 00428730 f i Editor.obj
 0002:00007770       ?_Getal@?$_String_alloc@U?$_String_base_types@DV?$allocator@D@std@@@std@@@std@@QAEAAV?$allocator@D@2@XZ 00428770 f i Editor.obj
 0002:000077c0       ?_Getal@?$_String_alloc@U?$_String_base_types@DV?$allocator@D@std@@@std@@@std@@QBEABV?$allocator@D@2@XZ 004287c0 f i Editor.obj
 0002:00007810       ?_Large_string_engaged@?$_String_val@U?$_Simple_types@D@std@@@std@@QBE_NXZ 00428810 f i Editor.obj
 0002:00007880       ?_Myproxy@?$_String_alloc@U?$_String_base_types@DV?$allocator@D@std@@@std@@@std@@QAEAAPAU_Container_proxy@2@XZ 00428880 f i Editor.obj
 0002:000078d0       ?_Myptr@?$_String_val@U?$_Simple_types@D@std@@@std@@QAEPADXZ 004288d0 f i Editor.obj
 0002:00007950       ?_Orphan_all@?$_String_alloc@U?$_String_base_types@DV?$allocator@D@std@@@std@@@std@@QAEXXZ 00428950 f i Editor.obj
 0002:000079b0       ?_Orphan_all@_Container_base12@std@@QAEXXZ 004289b0 f i Editor.obj
 0002:00007af0       ?_Tidy_deallocate@?$basic_string@DU?$char_traits@D@std@@V?$allocator@D@2@@std@@QAEXXZ 00428af0 f i Editor.obj
 0002:00007c00       ?_Tidy_init@?$basic_string@DU?$char_traits@D@std@@V?$allocator@D@2@@std@@QAEXXZ 00428c00 f i Editor.obj
 0002:00007ca0       ?_Xlen@?$basic_string@DU?$char_traits@D@std@@V?$allocator@D@2@@std@@SAXXZ 00428ca0 f i Editor.obj
 0002:00007cf0       ?__empty_global_delete@@YAXPAX@Z 00428cf0 f i Editor.obj
 0002:00007d20       ?__global_delete@@YAXPAXI@Z 00428d20 f i Editor.obj
 0002:00007d20       ?__empty_global_delete@@YAXPAXI@Z 00428d20 f i Editor.obj
 0002:00007d50       ?allocate@?$allocator@D@std@@QAEPADI@Z 00428d50 f i Editor.obj
 0002:00007db0       ?allocate@?$allocator@U_Container_proxy@std@@@std@@QAEPAU_Container_proxy@2@I@Z 00428db0 f i Editor.obj
 0002:00007e10       ?assign@?$basic_string@DU?$char_traits@D@std@@V?$allocator@D@2@@std@@QAEAAV12@QBD@Z 00428e10 f i Editor.obj
 0002:00007e90       ?assign@?$basic_string@DU?$char_traits@D@std@@V?$allocator@D@2@@std@@QAEAAV12@QBDI@Z 00428e90 f i Editor.obj
 0002:00007f80       ?assign@?$char_traits@D@std@@SAXAADABD@Z 00428f80 f i Editor.obj
 0002:00007fc0       ?beginLoop@Editor@@UAEXXZ  00428fc0 f   Editor.obj
 0002:00008010       ?cleanup@Editor@@UAEXXZ    00429010 f   Editor.obj
 0002:00008110       ?copy@?$char_traits@D@std@@SAPADQADQBDI@Z 00429110 f i Editor.obj
 0002:00008170       ?deallocate@?$_Default_allocator_traits@V?$allocator@U_Container_proxy@std@@@std@@@std@@SAXAAV?$allocator@U_Container_proxy@std@@@2@QAU_Container_proxy@2@I@Z 00429170 f i Editor.obj
 0002:000081d0       ?deallocate@?$allocator@D@std@@QAEXQADI@Z 004291d0 f i Editor.obj
 0002:00008230       ?endLoop@Editor@@UAE_NXZ   00429230 f   Editor.obj
 0002:00008280       ?getBackBuffer@GraphicsSystem@@QAEPAVGraphicsBuffer@@XZ 00429280 f i Editor.obj
 0002:000082c0       ?getHeight@GraphicsBuffer@@QBEHXZ 004292c0 f i Editor.obj
 0002:00008330       ?getHeight@GraphicsSystem@@QBEHXZ 00429330 f i Editor.obj
 0002:00008370       ?getWidth@GraphicsBuffer@@QBEHXZ 00429370 f i Editor.obj
 0002:000083e0       ?getWidth@GraphicsSystem@@QBEHXZ 004293e0 f i Editor.obj
 0002:00008420       ?init@Editor@@UAE_NXZ      00429420 f   Editor.obj
 0002:000086c0       ?length@?$char_traits@D@std@@SAIQBD@Z 004296c0 f i Editor.obj
 0002:00008710       ?loadGrid@Editor@@QAEXAAV?$basic_ifstream@DU?$char_traits@D@std@@@std@@@Z 00429710 f   Editor.obj
 0002:00008770       ?max@?$numeric_limits@H@std@@SAHXZ 00429770 f i Editor.obj
 0002:000087b0       ?max_size@?$_Default_allocator_traits@V?$allocator@D@std@@@std@@SAIABV?$allocator@D@2@@Z 004297b0 f i Editor.obj
 0002:000087f0       ?max_size@?$basic_string@DU?$char_traits@D@std@@V?$allocator@D@2@@std@@QBEIXZ 004297f0 f i Editor.obj
 0002:00008900       ?move@?$char_traits@D@std@@SAPADQADQBDI@Z 00429900 f i Editor.obj
 0002:00008960       ?processLoop@Editor@@UAEXXZ 00429960 f   Editor.obj
 0002:00008ae0       ?saveGrid@Editor@@QAEXAAV?$basic_ofstream@DU?$char_traits@D@std@@@std@@@Z 00429ae0 f   Editor.obj
 0002:00008b40       ?setModified@GridVisualizer@@QAEXXZ 00429b40 f i Editor.obj
 0002:00008b80       ??$?6U?$char_traits@D@std@@@std@@YAAAV?$basic_ostream@DU?$char_traits@D@std@@@0@AAV10@PBD@Z 00429b80 f i main.obj
 0002:00009140       ??$_Fgetc@D@std@@YA_NAADPAU_iobuf@@@Z 0042a140 f i main.obj
 0002:000091c0       ??$_Fputc@D@std@@YA_NDPAU_iobuf@@@Z 0042a1c0 f i main.obj
 0002:00009760       ??$_Refancy@PAD$0A@@std@@YAPADPAD@Z 0042a760 f i main.obj
 0002:000097a0       ??$_Unfancy@$$CBD@std@@YAPBDPBD@Z 0042a7a0 f i main.obj
 0002:000097e0       ??$_Ungetc@D@std@@YA_NABDPAU_iobuf@@@Z 0042a7e0 f i main.obj
 0002:00009870       ??$use_facet@V?$codecvt@DDU_Mbstatet@@@std@@@std@@YAABV?$codecvt@DDU_Mbstatet@@@0@ABVlocale@0@@Z 0042a870 f i main.obj
 0002:00009a70       ??0?$_String_const_iterator@V?$_String_val@U?$_Simple_types@D@std@@@std@@@std@@QAE@PBDPBU_Container_base12@1@@Z 0042aa70 f i main.obj
 0002:00009ae0       ??0?$_String_iterator@V?$_String_val@U?$_Simple_types@D@std@@@std@@@std@@QAE@PADPBU_Container_base12@1@@Z 0042aae0 f i main.obj
 0002:00009b40       ??0?$basic_filebuf@DU?$char_traits@D@std@@@std@@QAE@PAU_iobuf@@@Z 0042ab40 f i main.obj
 0002:00009c10       ??0?$basic_ifstream@DU?$char_traits@D@std@@@std@@QAE@ABV?$basic_string@DU?$char_traits@D@std@@V?$allocator@D@2@@1@HH@Z 0042ac10 f i main.obj
 0002:00009cc0       ??0?$basic_ifstream@DU?$char_traits@D@std@@@std@@QAE@PBDHH@Z 0042acc0 f i main.obj
 0002:00009e70       ??0?$basic_ofstream@DU?$char_traits@D@std@@@std@@QAE@ABV?$basic_string@DU?$char_traits@D@std@@V?$allocator@D@2@@1@HH@Z 0042ae70 f i main.obj
 0002:00009f20       ??0?$basic_ofstream@DU?$char_traits@D@std@@@std@@QAE@PBDHH@Z 0042af20 f i main.obj
 0002:0000a0d0       ??0?$basic_string@DU?$char_traits@D@std@@V?$allocator@D@2@@std@@QAE@ID@Z 0042b0d0 f i main.obj
 0002:0000a190       ??0?$basic_string@DU?$char_traits@D@std@@V?$allocator@D@2@@std@@QAE@XZ 0042b190 f i main.obj
 0002:0000a230       ??0?$fpos@U_Mbstatet@@@std@@QAE@U_Mbstatet@@_J@Z 0042b230 f i main.obj
 0002:0000a2b0       ??0?$fpos@U_Mbstatet@@@std@@QAE@_J@Z 0042b2b0 f i main.obj
 0002:0000a330       ??0_Iterator_base12@std@@QAE@XZ 0042b330 f i main.obj
 0002:0000a380       ??0_Sentry_base@?$basic_ostream@DU?$char_traits@D@std@@@std@@QAE@AAV12@@Z 0042b380 f i main.obj
 0002:0000a470       ??0bad_cast@std@@QAE@ABV01@@Z 0042b470 f i main.obj
 0002:0000a4e0       ??0bad_cast@std@@QAE@XZ    0042b4e0 f i main.obj
 0002:0000a550       ??0exception@std@@QAE@ABV01@@Z 0042b550 f i main.obj
 0002:0000a5e0       ??0exception@std@@QAE@QBDH@Z 0042b5e0 f i main.obj
 0002:0000a650       ??0sentry@?$basic_ostream@DU?$char_traits@D@std@@@std@@QAE@AAV12@@Z 0042b650 f i main.obj
 0002:0000a7d0       ??1?$_String_const_iterator@V?$_String_val@U?$_Simple_types@D@std@@@std@@@std@@QAE@XZ 0042b7d0 f i main.obj
 0002:0000a820       ??1?$_String_iterator@V?$_String_val@U?$_Simple_types@D@std@@@std@@@std@@QAE@XZ 0042b820 f i main.obj
 0002:0000a870       ??1?$basic_filebuf@DU?$char_traits@D@std@@@std@@UAE@XZ 0042b870 f i main.obj
 0002:0000a940       ??1?$basic_ifstream@DU?$char_traits@D@std@@@std@@UAE@XZ 0042b940 f i main.obj
 0002:0000a9f0       ??1?$basic_ofstream@DU?$char_traits@D@std@@@std@@UAE@XZ 0042b9f0 f i main.obj
 0002:0000aaa0       ??1_Iterator_base12@std@@QAE@XZ 0042baa0 f i main.obj
 0002:0000ab90       ??1_Sentry_base@?$basic_ostream@DU?$char_traits@D@std@@@std@@QAE@XZ 0042bb90 f i main.obj
 0002:0000acb0       ??1bad_cast@std@@UAE@XZ    0042bcb0 f i main.obj
 0002:0000ad00       ??1exception@std@@UAE@XZ   0042bd00 f i main.obj
 0002:0000ad70       ??1locale@std@@QAE@XZ      0042bd70 f i main.obj
 0002:0000ae80       ??1sentry@?$basic_ostream@DU?$char_traits@D@std@@@std@@QAE@XZ 0042be80 f i main.obj
 0002:0000af30       ??B?$fpos@U_Mbstatet@@@std@@QBE_JXZ 0042bf30 f i main.obj
 0002:0000af80       ??Bsentry@?$basic_ostream@DU?$char_traits@D@std@@@std@@QBE_NXZ 0042bf80 f i main.obj
 0002:0000afc0       ??D?$_String_const_iterator@V?$_String_val@U?$_Simple_types@D@std@@@std@@@std@@QBEABDXZ 0042bfc0 f i main.obj
 0002:0000b160       ??D?$_String_iterator@V?$_String_val@U?$_Simple_types@D@std@@@std@@@std@@QBEAADXZ 0042c160 f i main.obj
 0002:0000b380       ??_D?$basic_ifstream@DU?$char_traits@D@std@@@std@@QAEXXZ 0042c380 f i main.obj
 0002:0000b3f0       ??_D?$basic_ofstream@DU?$char_traits@D@std@@@std@@QAEXXZ 0042c3f0 f i main.obj
 0002:0000b45c       ??_E?$basic_ifstream@DU?$char_traits@D@std@@@std@@$4PPPPPPPM@A@AEPAXI@Z 0042c45c f i main.obj
 0002:0000b466       ??_E?$basic_ofstream@DU?$char_traits@D@std@@@std@@$4PPPPPPPM@A@AEPAXI@Z 0042c466 f i main.obj
 0002:0000b470       ??_G?$basic_filebuf@DU?$char_traits@D@std@@@std@@UAEPAXI@Z 0042c470 f i main.obj
 0002:0000b470       ??_E?$basic_filebuf@DU?$char_traits@D@std@@@std@@UAEPAXI@Z 0042c470 f i main.obj
 0002:0000b4e0       ??_E?$basic_ifstream@DU?$char_traits@D@std@@@std@@UAEPAXI@Z 0042c4e0 f i main.obj
 0002:0000b4e0       ??_G?$basic_ifstream@DU?$char_traits@D@std@@@std@@UAEPAXI@Z 0042c4e0 f i main.obj
 0002:0000b560       ??_E?$basic_ofstream@DU?$char_traits@D@std@@@std@@UAEPAXI@Z 0042c560 f i main.obj
 0002:0000b560       ??_G?$basic_ofstream@DU?$char_traits@D@std@@@std@@UAEPAXI@Z 0042c560 f i main.obj
 0002:0000b5e0       ??_Ebad_cast@std@@UAEPAXI@Z 0042c5e0 f i main.obj
 0002:0000b5e0       ??_Gbad_cast@std@@UAEPAXI@Z 0042c5e0 f i main.obj
 0002:0000b650       ??_Gexception@std@@UAEPAXI@Z 0042c650 f i main.obj
 0002:0000b650       ??_Eexception@std@@UAEPAXI@Z 0042c650 f i main.obj
 0002:0000b6c0       ?_Adopt@_Iterator_base12@std@@QAEXPBU_Container_base12@2@@Z 0042c6c0 f i main.obj
 0002:0000b850       ?_Check_offset@?$_String_val@U?$_Simple_types@D@std@@@std@@QBEXI@Z 0042c850 f i main.obj
 0002:0000b8b0       ?_Clamp_suffix_size@?$_String_val@U?$_Simple_types@D@std@@@std@@QBEIII@Z 0042c8b0 f i main.obj
 0002:0000b930       ?_Endwrite@?$basic_filebuf@DU?$char_traits@D@std@@@std@@IAE_NXZ 0042c930 f i main.obj
 0002:0000be10       ?_Getcont@_Iterator_base12@std@@QBEPBU_Container_base12@2@XZ 0042ce10 f i main.obj
 0002:0000be80       ?_Getfacet@locale@std@@QBEPBVfacet@12@I@Z 0042ce80 f i main.obj
 0002:0000bf80       ?_Init@?$basic_filebuf@DU?$char_traits@D@std@@@std@@IAEXPAU_iobuf@@W4_Initfl@12@@Z 0042cf80 f i main.obj
 0002:0000c140       ?_Initcvt@?$basic_filebuf@DU?$char_traits@D@std@@@std@@IAEXPBV?$codecvt@DDU_Mbstatet@@@2@@Z 0042d140 f i main.obj
 0002:0000c1e0       ?_Lock@?$basic_filebuf@DU?$char_traits@D@std@@@std@@UAEXXZ 0042d1e0 f i main.obj
 0002:0000c250       ?_Myptr@?$_String_val@U?$_Simple_types@D@std@@@std@@QBEPBDXZ 0042d250 f i main.obj
 0002:0000c2d0       ?_Orphan_me@_Iterator_base12@std@@QAEXXZ 0042d2d0 f i main.obj
 0002:0000c400       ?_Reset_back@?$basic_filebuf@DU?$char_traits@D@std@@@std@@AAEXXZ 0042d400 f i main.obj
 0002:0000c4a0       ?_Set_back@?$basic_filebuf@DU?$char_traits@D@std@@@std@@AAEXXZ 0042d4a0 f i main.obj
 0002:0000c580       ?_Unlock@?$basic_filebuf@DU?$char_traits@D@std@@@std@@UAEXXZ 0042d580 f i main.obj
 0002:0000c5f0       ?_Xran@?$_String_val@U?$_Simple_types@D@std@@@std@@SAXXZ 0042d5f0 f i main.obj
 0002:0000c640       ?append@?$basic_string@DU?$char_traits@D@std@@V?$allocator@D@2@@std@@QAEAAV12@ID@Z 0042d640 f i main.obj
 0002:0000c750       ?assign@?$basic_string@DU?$char_traits@D@std@@V?$allocator@D@2@@std@@QAEAAV12@ID@Z 0042d750 f i main.obj
 0002:0000c840       ?assign@?$char_traits@D@std@@SAPADQADID@Z 0042d840 f i main.obj
 0002:0000c8a0       ?begin@?$basic_string@DU?$char_traits@D@std@@V?$allocator@D@2@@std@@QAE?AV?$_String_iterator@V?$_String_val@U?$_Simple_types@D@std@@@std@@@2@XZ 0042d8a0 f i main.obj
 0002:0000c960       ?c_str@?$basic_string@DU?$char_traits@D@std@@V?$allocator@D@2@@std@@QBEPBDXZ 0042d960 f i main.obj
 0002:0000c9f0       ?close@?$basic_filebuf@DU?$char_traits@D@std@@@std@@QAEPAV12@XZ 0042d9f0 f i main.obj
 0002:0000cab0       ?close@?$basic_ifstream@DU?$char_traits@D@std@@@std@@QAEXXZ 0042dab0 f i main.obj
 0002:0000cb30       ?close@?$basic_ofstream@DU?$char_traits@D@std@@@std@@QAEXXZ 0042db30 f i main.obj
 0002:0000cbb0       ?eof@?$char_traits@D@std@@SAHXZ 0042dbb0 f i main.obj
 0002:0000cbf0       ?eq_int_type@?$char_traits@D@std@@SA_NABH0@Z 0042dbf0 f i main.obj
 0002:0000cc50       ?erase@?$basic_string@DU?$char_traits@D@std@@V?$allocator@D@2@@std@@QAEAAV12@II@Z 0042dc50 f i main.obj
 0002:0000cd30       ?getGridVisualizer@Editor@@QAEPAVGridVisualizer@@XZ 0042dd30 f i main.obj
 0002:0000cd70       ?imbue@?$basic_filebuf@DU?$char_traits@D@std@@@std@@MAEXABVlocale@2@@Z 0042dd70 f i main.obj
 0002:0000cde0       ?markForExit@Game@@QAEXXZ  0042dde0 f i main.obj
 0002:0000ce20       ?not_eof@?$char_traits@D@std@@SAHABH@Z 0042de20 f i main.obj
 0002:0000cec0       ?open@?$basic_filebuf@DU?$char_traits@D@std@@@std@@QAEPAV12@PBDHH@Z 0042dec0 f i main.obj
 0002:0000d000       ?overflow@?$basic_filebuf@DU?$char_traits@D@std@@@std@@MAEHH@Z 0042e000 f i main.obj
 0002:0000d690       ?pbackfail@?$basic_filebuf@DU?$char_traits@D@std@@@std@@MAEHH@Z 0042e690 f i main.obj
 0002:0000d8e0       ?seekoff@?$basic_filebuf@DU?$char_traits@D@std@@@std@@MAE?AV?$fpos@U_Mbstatet@@@2@_JHH@Z 0042e8e0 f i main.obj
 0002:0000da90       ?seekpos@?$basic_filebuf@DU?$char_traits@D@std@@@std@@MAE?AV?$fpos@U_Mbstatet@@@2@V32@H@Z 0042ea90 f i main.obj
 0002:0000dc70       ?seekpos@?$fpos@U_Mbstatet@@@std@@QBE_JXZ 0042ec70 f i main.obj
 0002:0000dcb0       ?setbuf@?$basic_filebuf@DU?$char_traits@D@std@@@std@@MAEPAV?$basic_streambuf@DU?$char_traits@D@std@@@2@PAD_J@Z 0042ecb0 f i main.obj
 0002:0000dd90       ?size@?$basic_string@DU?$char_traits@D@std@@V?$allocator@D@2@@std@@QBEIXZ 0042ed90 f i main.obj
 0002:0000ddf0       ?state@?$fpos@U_Mbstatet@@@std@@QBE?AU_Mbstatet@@XZ 0042edf0 f i main.obj
 0002:0000de40       ?sync@?$basic_filebuf@DU?$char_traits@D@std@@@std@@MAEHXZ 0042ee40 f i main.obj
 0002:0000df40       ?to_char_type@?$char_traits@D@std@@SADABH@Z 0042ef40 f i main.obj
 0002:0000df80       ?to_int_type@?$char_traits@D@std@@SAHABD@Z 0042ef80 f i main.obj
 0002:0000dfc0       ?uflow@?$basic_filebuf@DU?$char_traits@D@std@@@std@@MAEHXZ 0042efc0 f i main.obj
 0002:0000e5e0       ?underflow@?$basic_filebuf@DU?$char_traits@D@std@@@std@@MAEHXZ 0042f5e0 f i main.obj
 0002:0000e750       ?what@exception@std@@UBEPBDXZ 0042f750 f i main.obj
 0002:0000e7c0       _main                      0042f7c0 f   main.obj
 0002:0000eed0       ??$__vcrt_va_start_verify_argument_type@QBD@@YAXXZ 0042fed0 f i CommonPathfindingLib:Game.obj
 0002:0000ef00       ??0Game@@QAE@XZ            0042ff00 f   CommonPathfindingLib:Game.obj
 0002:0000efb0       ??1Game@@UAE@XZ            0042ffb0 f   CommonPathfindingLib:Game.obj
 0002:0000f040       ??_EGame@@UAEPAXI@Z        00430040 f i CommonPathfindingLib:Game.obj
 0002:0000f040       ??_GGame@@UAEPAXI@Z        00430040 f i CommonPathfindingLib:Game.obj
 0002:0000f0d0       ??_GGraphicsBufferManager@@QAEPAXI@Z 004300d0 f i CommonPathfindingLib:Game.obj
 0002:0000f160       ??_GGraphicsSystem@@QAEPAXI@Z 00430160 f i CommonPathfindingLib:Game.obj
 0002:0000f1f0       ??_GSpriteManager@@QAEPAXI@Z 004301f0 f i CommonPathfindingLib:Game.obj
 0002:0000f280       ??_GTimer@@QAEPAXI@Z       00430280 f i CommonPathfindingLib:Game.obj
 0002:0000f310       ?beginLoop@Game@@UAEXXZ    00430310 f   CommonPathfindingLib:Game.obj
 0002:0000f3c0       ?cleanup@Game@@UAEXXZ      004303c0 f   CommonPathfindingLib:Game.obj
 0002:0000f690       ?endLoop@Game@@UAE_NXZ     00430690 f   CommonPathfindingLib:Game.obj
 0002:0000f700       ?genRandomBinomial@@YAMXZ  00430700 f   CommonPathfindingLib:Game.obj
 0002:0000f7a0       ?genRandomFloat@@YAMXZ     004307a0 f   CommonPathfindingLib:Game.obj
 0002:0000f810       ?init@Game@@UAE_NXZ        00430810 f   CommonPathfindingLib:Game.obj
 0002:0000fe20       ?lerp@@YAMHHH@Z            00430e20 f   CommonPathfindingLib:Game.obj
 0002:0000fee0       ?mapRotationToRange@@YAMMMM@Z 00430ee0 f   CommonPathfindingLib:Game.obj
 0002:0000ff90       ?processLoop@Game@@UAEXXZ  00430f90 f   CommonPathfindingLib:Game.obj
 0002:0000fff0       ___local_stdio_printf_options 00430ff0 f i CommonPathfindingLib:Game.obj
 0002:00010030       __vfprintf_l               00431030 f i CommonPathfindingLib:Game.obj
 0002:000100b0       _fprintf                   004310b0 f i CommonPathfindingLib:Game.obj
 0002:00010130       _printf                    00431130 f i CommonPathfindingLib:Game.obj
 0002:00010220       ??$?0$$V@?$_Compressed_pair@V?$allocator@U?$_Tree_node@U?$pair@$$CBHPAVGraphicsBuffer@@@std@@PAX@std@@@std@@V?$_Tree_val@U?$_Tree_simple_types@U?$pair@$$CBHPAVGraphicsBuffer@@@std@@@std@@@2@$00@std@@QAE@U_Zero_then_variadic_args_t@1@@Z 00431220 f i CommonPathfindingLib:GraphicsBufferManager.obj
 0002:00010280       ??$?0$$V@?$_Compressed_pair@V?$allocator@U?$_Tree_node@U?$pair@$$CBV?$basic_string@DU?$char_traits@D@std@@V?$allocator@D@2@@std@@H@std@@PAX@std@@@std@@V?$_Tree_val@U?$_Tree_simple_types@U?$pair@$$CBV?$basic_string@DU?$char_traits@D@std@@V?$allocator@D@2@@std@@H@std@@@std@@@2@$00@std@@QAE@U_Zero_then_variadic_args_t@1@@Z 00431280 f i CommonPathfindingLib:GraphicsBufferManager.obj
 0002:000102e0       ??$?0AAV?$_Tree_iterator@V?$_Tree_val@U?$_Tree_simple_types@U?$pair@$$CBHPAVGraphicsBuffer@@@std@@@std@@@std@@@std@@_NX$0A@@?$pair@V?$_Tree_iterator@V?$_Tree_val@U?$_Tree_simple_types@U?$pair@$$CBHPAVGraphicsBuffer@@@std@@@std@@@std@@@std@@_N@std@@QAE@AAV?$_Tree_iterator@V?$_Tree_val@U?$_Tree_simple_types@U?$pair@$$CBHPAVGraphicsBuffer@@@std@@@std@@@std@@@1@$$QA_N@Z 004312e0 f i CommonPathfindingLib:GraphicsBufferManager.obj
 0002:00010360       ??$?0AAV?$_Tree_iterator@V?$_Tree_val@U?$_Tree_simple_types@U?$pair@$$CBV?$basic_string@DU?$char_traits@D@std@@V?$allocator@D@2@@std@@H@std@@@std@@@std@@@std@@_NX$0A@@?$pair@V?$_Tree_iterator@V?$_Tree_val@U?$_Tree_simple_types@U?$pair@$$CBV?$basic_string@DU?$char_traits@D@std@@V?$allocator@D@2@@std@@H@std@@@std@@@std@@@std@@_N@std@@QAE@AAV?$_Tree_iterator@V?$_Tree_val@U?$_Tree_simple_types@U?$pair@$$CBV?$basic_string@DU?$char_traits@D@std@@V?$allocator@D@2@@std@@H@std@@@std@@@std@@@1@$$QA_N@Z 00431360 f i CommonPathfindingLib:GraphicsBufferManager.obj
 0002:000103e0       ??$?0ABH$$Z$$V@?$pair@$$CBHPAVGraphicsBuffer@@@std@@QAE@Upiecewise_construct_t@1@V?$tuple@ABH@1@V?$tuple@$$V@1@@Z 004313e0 f i CommonPathfindingLib:GraphicsBufferManager.obj
 0002:00010460       ??$?0ABH$0A@@?$tuple@ABH@std@@QAE@ABH@Z 00431460 f i CommonPathfindingLib:GraphicsBufferManager.obj
 0002:000104d0       ??$?0ABH@?$_Tuple_val@ABH@std@@QAE@ABH@Z 004314d0 f i CommonPathfindingLib:GraphicsBufferManager.obj
 0002:00010530       ??$?0ABU?$less@H@std@@U_Zero_then_variadic_args_t@1@@?$_Compressed_pair@U?$less@H@std@@V?$_Compressed_pair@V?$allocator@U?$_Tree_node@U?$pair@$$CBHPAVGraphicsBuffer@@@std@@PAX@std@@@std@@V?$_Tree_val@U?$_Tree_simple_types@U?$pair@$$CBHPAVGraphicsBuffer@@@std@@@std@@@2@$00@2@$00@std@@QAE@U_One_then_variadic_args_t@1@ABU?$less@H@1@$$QAU_Zero_then_variadic_args_t@1@@Z 00431530 f i CommonPathfindingLib:GraphicsBufferManager.obj
 0002:000105b0       ??$?0ABU?$less@V?$basic_string@DU?$char_traits@D@std@@V?$allocator@D@2@@std@@@std@@U_Zero_then_variadic_args_t@1@@?$_Compressed_pair@U?$less@V?$basic_string@DU?$char_traits@D@std@@V?$allocator@D@2@@std@@@std@@V?$_Compressed_pair@V?$allocator@U?$_Tree_node@U?$pair@$$CBV?$basic_string@DU?$char_traits@D@std@@V?$allocator@D@2@@std@@H@std@@PAX@std@@@std@@V?$_Tree_val@U?$_Tree_simple_types@U?$pair@$$CBV?$basic_string@DU?$char_traits@D@std@@V?$allocator@D@2@@std@@H@std@@@std@@@2@$00@2@$00@std@@QAE@U_One_then_variadic_args_t@1@ABU?$less@V?$basic_string@DU?$char_traits@D@std@@V?$allocator@D@2@@std@@@1@$$QAU_Zero_then_variadic_args_t@1@@Z 004315b0 f i CommonPathfindingLib:GraphicsBufferManager.obj
 0002:00010630       ??$?0ABV?$basic_string@DU?$char_traits@D@std@@V?$allocator@D@2@@std@@$$Z$$V@?$pair@$$CBV?$basic_string@DU?$char_traits@D@std@@V?$allocator@D@2@@std@@H@std@@QAE@Upiecewise_construct_t@1@V?$tuple@ABV?$basic_string@DU?$char_traits@D@std@@V?$allocator@D@2@@std@@@1@V?$tuple@$$V@1@@Z 00431630 f i CommonPathfindingLib:GraphicsBufferManager.obj
 0002:000106b0       ??$?0ABV?$basic_string@DU?$char_traits@D@std@@V?$allocator@D@2@@std@@$0A@@?$tuple@ABV?$basic_string@DU?$char_traits@D@std@@V?$allocator@D@2@@std@@@std@@QAE@ABV?$basic_string@DU?$char_traits@D@std@@V?$allocator@D@2@@1@@Z 004316b0 f i CommonPathfindingLib:GraphicsBufferManager.obj
 0002:00010720       ??$?0ABV?$basic_string@DU?$char_traits@D@std@@V?$allocator@D@2@@std@@@?$_Tuple_val@ABV?$basic_string@DU?$char_traits@D@std@@V?$allocator@D@2@@std@@@std@@QAE@ABV?$basic_string@DU?$char_traits@D@std@@V?$allocator@D@2@@1@@Z 00431720 f i CommonPathfindingLib:GraphicsBufferManager.obj
 0002:00010780       ??$?0U?$_Tree_node@U?$pair@$$CBHPAVGraphicsBuffer@@@std@@PAX@std@@@?$allocator@U_Container_proxy@std@@@std@@QAE@ABV?$allocator@U?$_Tree_node@U?$pair@$$CBHPAVGraphicsBuffer@@@std@@PAX@std@@@1@@Z 00431780 f i CommonPathfindingLib:GraphicsBufferManager.obj
 0002:000107c0       ??$?0U?$_Tree_node@U?$pair@$$CBV?$basic_string@DU?$char_traits@D@std@@V?$allocator@D@2@@std@@H@std@@PAX@std@@@?$allocator@U_Container_proxy@std@@@std@@QAE@ABV?$allocator@U?$_Tree_node@U?$pair@$$CBV?$basic_string@DU?$char_traits@D@std@@V?$allocator@D@2@@std@@H@std@@PAX@std@@@1@@Z 004317c0 f i CommonPathfindingLib:GraphicsBufferManager.obj
 0002:00010800       ??$?0U_Exact_args_t@std@@$0A@@?$tuple@$$V@std@@QAE@U_Exact_args_t@1@@Z 00431800 f i CommonPathfindingLib:GraphicsBufferManager.obj
 0002:00010840       ??$?0U_Exact_args_t@std@@ABH$$V$0A@@?$tuple@ABH@std@@QAE@U_Exact_args_t@1@ABH@Z 00431840 f i CommonPathfindingLib:GraphicsBufferManager.obj
 0002:000108d0       ??$?0U_Exact_args_t@std@@ABV?$basic_string@DU?$char_traits@D@std@@V?$allocator@D@2@@1@$$V$0A@@?$tuple@ABV?$basic_string@DU?$char_traits@D@std@@V?$allocator@D@2@@std@@@std@@QAE@U_Exact_args_t@1@ABV?$basic_string@DU?$char_traits@D@std@@V?$allocator@D@2@@1@@Z 004318d0 f i CommonPathfindingLib:GraphicsBufferManager.obj
 0002:00010960       ??$?0V?$_Tree_iterator@V?$_Tree_val@U?$_Tree_simple_types@U?$pair@$$CBHPAVGraphicsBuffer@@@std@@@std@@@std@@@std@@_NX$0A@@?$pair@V?$_Tree_iterator@V?$_Tree_val@U?$_Tree_simple_types@U?$pair@$$CBHPAVGraphicsBuffer@@@std@@@std@@@std@@@std@@_N@std@@QAE@$$QAV?$_Tree_iterator@V?$_Tree_val@U?$_Tree_simple_types@U?$pair@$$CBHPAVGraphicsBuffer@@@std@@@std@@@std@@@1@$$QA_N@Z 00431960 f i CommonPathfindingLib:GraphicsBufferManager.obj
 0002:000109e0       ??$?0V?$_Tree_iterator@V?$_Tree_val@U?$_Tree_simple_types@U?$pair@$$CBV?$basic_string@DU?$char_traits@D@std@@V?$allocator@D@2@@std@@H@std@@@std@@@std@@@std@@_NX$0A@@?$pair@V?$_Tree_iterator@V?$_Tree_val@U?$_Tree_simple_types@U?$pair@$$CBV?$basic_string@DU?$char_traits@D@std@@V?$allocator@D@2@@std@@H@std@@@std@@@std@@@std@@_N@std@@QAE@$$QAV?$_Tree_iterator@V?$_Tree_val@U?$_Tree_simple_types@U?$pair@$$CBV?$basic_string@DU?$char_traits@D@std@@V?$allocator@D@2@@std@@H@std@@@std@@@std@@@1@$$QA_N@Z 004319e0 f i CommonPathfindingLib:GraphicsBufferManager.obj
 0002:00010a60       ??$?0V?$allocator@D@std@@$$V@?$_Compressed_pair@V?$allocator@D@std@@V?$_String_val@U?$_Simple_types@D@std@@@2@$00@std@@QAE@U_One_then_variadic_args_t@1@$$QAV?$allocator@D@1@@Z 00431a60 f i CommonPathfindingLib:GraphicsBufferManager.obj
 0002:00010ad0       ??$?0V?$allocator@D@std@@X@?$_String_alloc@U?$_String_base_types@DV?$allocator@D@std@@@std@@@std@@QAE@$$QAV?$allocator@D@1@@Z 00431ad0 f i CommonPathfindingLib:GraphicsBufferManager.obj
 0002:00010b90       ??$?0V?$tuple@ABH@std@@V?$tuple@$$V@1@$0A@$$Z$S@?$pair@$$CBHPAVGraphicsBuffer@@@std@@QAE@AAV?$tuple@ABH@1@AAV?$tuple@$$V@1@U?$integer_sequence@I$0A@@1@U?$integer_sequence@I$S@1@@Z 00431b90 f i CommonPathfindingLib:GraphicsBufferManager.obj
 0002:00010c10       ??$?0V?$tuple@ABV?$basic_string@DU?$char_traits@D@std@@V?$allocator@D@2@@std@@@std@@V?$tuple@$$V@1@$0A@$$Z$S@?$pair@$$CBV?$basic_string@DU?$char_traits@D@std@@V?$allocator@D@2@@std@@H@std@@QAE@AAV?$tuple@ABV?$basic_string@DU?$char_traits@D@std@@V?$allocator@D@2@@std@@@1@AAV?$tuple@$$V@1@U?$integer_sequence@I$0A@@1@U?$integer_sequence@I$S@1@@Z 00431c10 f i CommonPathfindingLib:GraphicsBufferManager.obj
 0002:00010c90       ??$?MDU?$char_traits@D@std@@V?$allocator@D@1@@std@@YA_NABV?$basic_string@DU?$char_traits@D@std@@V?$allocator@D@2@@0@0@Z 00431c90 f i CommonPathfindingLib:GraphicsBufferManager.obj
 0002:00010d10       ??$_Buynode@ABUpiecewise_construct_t@std@@V?$tuple@ABH@2@V?$tuple@$$V@2@@?$_Tree_comp_alloc@V?$_Tmap_traits@HPAVGraphicsBuffer@@U?$less@H@std@@V?$allocator@U?$pair@$$CBHPAVGraphicsBuffer@@@std@@@3@$0A@@std@@@std@@QAEPAU?$_Tree_node@U?$pair@$$CBHPAVGraphicsBuffer@@@std@@PAX@1@ABUpiecewise_construct_t@1@$$QAV?$tuple@ABH@1@$$QAV?$tuple@$$V@1@@Z 00431d10 f i CommonPathfindingLib:GraphicsBufferManager.obj
 0002:00010e50       ??$_Buynode@ABUpiecewise_construct_t@std@@V?$tuple@ABV?$basic_string@DU?$char_traits@D@std@@V?$allocator@D@2@@std@@@2@V?$tuple@$$V@2@@?$_Tree_comp_alloc@V?$_Tmap_traits@V?$basic_string@DU?$char_traits@D@std@@V?$allocator@D@2@@std@@HU?$less@V?$basic_string@DU?$char_traits@D@std@@V?$allocator@D@2@@std@@@2@V?$allocator@U?$pair@$$CBV?$basic_string@DU?$char_traits@D@std@@V?$allocator@D@2@@std@@H@std@@@2@$0A@@std@@@std@@QAEPAU?$_Tree_node@U?$pair@$$CBV?$basic_string@DU?$char_traits@D@std@@V?$allocator@D@2@@std@@H@std@@PAX@1@ABUpiecewise_construct_t@1@$$QAV?$tuple@ABV?$basic_string@DU?$char_traits@D@std@@V?$allocator@D@2@@std@@@1@$$QAV?$tuple@$$V@1@@Z 00431e50 f i CommonPathfindingLib:GraphicsBufferManager.obj
 0002:00010f90       ??$_Buynode_if_nil@AAU?$pair@$$CBHPAVGraphicsBuffer@@@std@@@?$_Tree@V?$_Tmap_traits@HPAVGraphicsBuffer@@U?$less@H@std@@V?$allocator@U?$pair@$$CBHPAVGraphicsBuffer@@@std@@@3@$0A@@std@@@std@@IAEPAU?$_Tree_node@U?$pair@$$CBHPAVGraphicsBuffer@@@std@@PAX@1@PAU21@AAU?$pair@$$CBHPAVGraphicsBuffer@@@1@@Z 00431f90 f i CommonPathfindingLib:GraphicsBufferManager.obj
 0002:00010fd0       ??$_Buynode_if_nil@AAU?$pair@$$CBV?$basic_string@DU?$char_traits@D@std@@V?$allocator@D@2@@std@@H@std@@@?$_Tree@V?$_Tmap_traits@V?$basic_string@DU?$char_traits@D@std@@V?$allocator@D@2@@std@@HU?$less@V?$basic_string@DU?$char_traits@D@std@@V?$allocator@D@2@@std@@@2@V?$allocator@U?$pair@$$CBV?$basic_string@DU?$char_traits@D@std@@V?$allocator@D@2@@std@@H@std@@@2@$0A@@std@@@std@@IAEPAU?$_Tree_node@U?$pair@$$CBV?$basic_string@DU?$char_traits@D@std@@V?$allocator@D@2@@std@@H@std@@PAX@1@PAU21@AAU?$pair@$$CBV?$basic_string@DU?$char_traits@D@std@@V?$allocator@D@2@@std@@H@1@@Z 00431fd0 f i CommonPathfindingLib:GraphicsBufferManager.obj
 0002:00011010       ??$_Debug_lt_pred@AAU?$less@H@std@@ABHABH@std@@YA_NAAU?$less@H@0@ABH1PB_WI@Z 00432010 f i CommonPathfindingLib:GraphicsBufferManager.obj
 0002:00011110       ??$_Debug_lt_pred@AAU?$less@V?$basic_string@DU?$char_traits@D@std@@V?$allocator@D@2@@std@@@std@@ABV?$basic_string@DU?$char_traits@D@std@@V?$allocator@D@2@@2@ABV32@@std@@YA_NAAU?$less@V?$basic_string@DU?$char_traits@D@std@@V?$allocator@D@2@@std@@@0@ABV?$basic_string@DU?$char_traits@D@std@@V?$allocator@D@2@@0@1PB_WI@Z 00432110 f i CommonPathfindingLib:GraphicsBufferManager.obj
 0002:00011210       ??$_Debug_lt_pred@ABU?$less@H@std@@ABHABH@std@@YA_NABU?$less@H@0@ABH1PB_WI@Z 00432210 f i CommonPathfindingLib:GraphicsBufferManager.obj
 0002:00011310       ??$_Debug_lt_pred@ABU?$less@V?$basic_string@DU?$char_traits@D@std@@V?$allocator@D@2@@std@@@std@@ABV?$basic_string@DU?$char_traits@D@std@@V?$allocator@D@2@@2@ABV32@@std@@YA_NABU?$less@V?$basic_string@DU?$char_traits@D@std@@V?$allocator@D@2@@std@@@0@ABV?$basic_string@DU?$char_traits@D@std@@V?$allocator@D@2@@0@1PB_WI@Z 00432310 f i CommonPathfindingLib:GraphicsBufferManager.obj
 0002:00011410       ??$_Insert_at@AAU?$pair@$$CBHPAVGraphicsBuffer@@@std@@PAU?$_Tree_node@U?$pair@$$CBHPAVGraphicsBuffer@@@std@@PAX@2@@?$_Tree@V?$_Tmap_traits@HPAVGraphicsBuffer@@U?$less@H@std@@V?$allocator@U?$pair@$$CBHPAVGraphicsBuffer@@@std@@@3@$0A@@std@@@std@@IAE?AV?$_Tree_iterator@V?$_Tree_val@U?$_Tree_simple_types@U?$pair@$$CBHPAVGraphicsBuffer@@@std@@@std@@@std@@@1@_NPAU?$_Tree_node@U?$pair@$$CBHPAVGraphicsBuffer@@@std@@PAX@1@AAU?$pair@$$CBHPAVGraphicsBuffer@@@1@1@Z 00432410 f i CommonPathfindingLib:GraphicsBufferManager.obj
 0002:000117b0       ??$_Insert_at@AAU?$pair@$$CBV?$basic_string@DU?$char_traits@D@std@@V?$allocator@D@2@@std@@H@std@@PAU?$_Tree_node@U?$pair@$$CBV?$basic_string@DU?$char_traits@D@std@@V?$allocator@D@2@@std@@H@std@@PAX@2@@?$_Tree@V?$_Tmap_traits@V?$basic_string@DU?$char_traits@D@std@@V?$allocator@D@2@@std@@HU?$less@V?$basic_string@DU?$char_traits@D@std@@V?$allocator@D@2@@std@@@2@V?$allocator@U?$pair@$$CBV?$basic_string@DU?$char_traits@D@std@@V?$allocator@D@2@@std@@H@std@@@2@$0A@@std@@@std@@IAE?AV?$_Tree_iterator@V?$_Tree_val@U?$_Tree_simple_types@U?$pair@$$CBV?$basic_string@DU?$char_traits@D@std@@V?$allocator@D@2@@std@@H@std@@@std@@@std@@@1@_NPAU?$_Tree_node@U?$pair@$$CBV?$basic_string@DU?$char_traits@D@std@@V?$allocator@D@2@@std@@H@std@@PAX@1@AAU?$pair@$$CBV?$basic_string@DU?$char_traits@D@std@@V?$allocator@D@2@@std@@H@1@1@Z 004327b0 f i CommonPathfindingLib:GraphicsBufferManager.obj
 0002:00011b50       ??$_Insert_hint@AAU?$pair@$$CBHPAVGraphicsBuffer@@@std@@PAU?$_Tree_node@U?$pair@$$CBHPAVGraphicsBuffer@@@std@@PAX@2@@?$_Tree@V?$_Tmap_traits@HPAVGraphicsBuffer@@U?$less@H@std@@V?$allocator@U?$pair@$$CBHPAVGraphicsBuffer@@@std@@@3@$0A@@std@@@std@@IAE?AV?$_Tree_iterator@V?$_Tree_val@U?$_Tree_simple_types@U?$pair@$$CBHPAVGraphicsBuffer@@@std@@@std@@@std@@@1@V?$_Tree_const_iterator@V?$_Tree_val@U?$_Tree_simple_types@U?$pair@$$CBHPAVGraphicsBuffer@@@std@@@std@@@std@@@1@AAU?$pair@$$CBHPAVGraphicsBuffer@@@1@PAU?$_Tree_node@U?$pair@$$CBHPAVGraphicsBuffer@@@std@@PAX@1@@Z 00432b50 f i CommonPathfindingLib:GraphicsBufferManager.obj
 0002:00012fb0       ??$_Insert_hint@AAU?$pair@$$CBV?$basic_string@DU?$char_traits@D@std@@V?$allocator@D@2@@std@@H@std@@PAU?$_Tree_node@U?$pair@$$CBV?$basic_string@DU?$char_traits@D@std@@V?$allocator@D@2@@std@@H@std@@PAX@2@@?$_Tree@V?$_Tmap_traits@V?$basic_string@DU?$char_traits@D@std@@V?$allocator@D@2@@std@@HU?$less@V?$basic_string@DU?$char_traits@D@std@@V?$allocator@D@2@@std@@@2@V?$allocator@U?$pair@$$CBV?$basic_string@DU?$char_traits@D@std@@V?$allocator@D@2@@std@@H@std@@@2@$0A@@std@@@std@@IAE?AV?$_Tree_iterator@V?$_Tree_val@U?$_Tree_simple_types@U?$pair@$$CBV?$basic_string@DU?$char_traits@D@std@@V?$allocator@D@2@@std@@H@std@@@std@@@std@@@1@V?$_Tree_const_iterator@V?$_Tree_val@U?$_Tree_simple_types@U?$pair@$$CBV?$basic_string@DU?$char_traits@D@std@@V?$allocator@D@2@@std@@H@std@@@std@@@std@@@1@AAU?$pair@$$CBV?$basic_string@DU?$char_traits@D@std@@V?$allocator@D@2@@std@@H@1@PAU?$_Tree_node@U?$pair@$$CBV?$basic_string@DU?$char_traits@D@std@@V?$allocator@D@2@@std@@H@std@@PAX@1@@Z 00433fb0 f i CommonPathfindingLib:GraphicsBufferManager.obj
 0002:00014410       ??$_Insert_nohint@AAU?$pair@$$CBHPAVGraphicsBuffer@@@std@@PAU?$_Tree_node@U?$pair@$$CBHPAVGraphicsBuffer@@@std@@PAX@2@@?$_Tree@V?$_Tmap_traits@HPAVGraphicsBuffer@@U?$less@H@std@@V?$allocator@U?$pair@$$CBHPAVGraphicsBuffer@@@std@@@3@$0A@@std@@@std@@IAE?AU?$pair@V?$_Tree_iterator@V?$_Tree_val@U?$_Tree_simple_types@U?$pair@$$CBHPAVGraphicsBuffer@@@std@@@std@@@std@@@std@@_N@1@_NAAU?$pair@$$CBHPAVGraphicsBuffer@@@1@PAU?$_Tree_node@U?$pair@$$CBHPAVGraphicsBuffer@@@std@@PAX@1@@Z 00435410 f i CommonPathfindingLib:GraphicsBufferManager.obj
 0002:00014a40       ??$_Insert_nohint@AAU?$pair@$$CBV?$basic_string@DU?$char_traits@D@std@@V?$allocator@D@2@@std@@H@std@@PAU?$_Tree_node@U?$pair@$$CBV?$basic_string@DU?$char_traits@D@std@@V?$allocator@D@2@@std@@H@std@@PAX@2@@?$_Tree@V?$_Tmap_traits@V?$basic_string@DU?$char_traits@D@std@@V?$allocator@D@2@@std@@HU?$less@V?$basic_string@DU?$char_traits@D@std@@V?$allocator@D@2@@std@@@2@V?$allocator@U?$pair@$$CBV?$basic_string@DU?$char_traits@D@std@@V?$allocator@D@2@@std@@H@std@@@2@$0A@@std@@@std@@IAE?AU?$pair@V?$_Tree_iterator@V?$_Tree_val@U?$_Tree_simple_types@U?$pair@$$CBV?$basic_string@DU?$char_traits@D@std@@V?$allocator@D@2@@std@@H@std@@@std@@@std@@@std@@_N@1@_NAAU?$pair@$$CBV?$basic_string@DU?$char_traits@D@std@@V?$allocator@D@2@@std@@H@1@PAU?$_Tree_node@U?$pair@$$CBV?$basic_string@DU?$char_traits@D@std@@V?$allocator@D@2@@std@@H@std@@PAX@1@@Z 00435a40 f i CommonPathfindingLib:GraphicsBufferManager.obj
 0002:00015070       ??$_Kfn@$$CBHPAVGraphicsBuffer@@@?$_Tmap_traits@HPAVGraphicsBuffer@@U?$less@H@std@@V?$allocator@U?$pair@$$CBHPAVGraphicsBuffer@@@std@@@3@$0A@@std@@SAABHABU?$pair@$$CBHPAVGraphicsBuffer@@@1@@Z 00436070 f i CommonPathfindingLib:GraphicsBufferManager.obj
 0002:000150b0       ??$_Kfn@$$CBV?$basic_string@DU?$char_traits@D@std@@V?$allocator@D@2@@std@@H@?$_Tmap_traits@V?$basic_string@DU?$char_traits@D@std@@V?$allocator@D@2@@std@@HU?$less@V?$basic_string@DU?$char_traits@D@std@@V?$allocator@D@2@@std@@@2@V?$allocator@U?$pair@$$CBV?$basic_string@DU?$char_traits@D@std@@V?$allocator@D@2@@std@@H@std@@@2@$0A@@std@@SAABV?$basic_string@DU?$char_traits@D@std@@V?$allocator@D@2@@1@ABU?$pair@$$CBV?$basic_string@DU?$char_traits@D@std@@V?$allocator@D@2@@std@@H@1@@Z 004360b0 f i CommonPathfindingLib:GraphicsBufferManager.obj
 0002:000150f0       ??$_Lbound@H@?$_Tree@V?$_Tmap_traits@HPAVGraphicsBuffer@@U?$less@H@std@@V?$allocator@U?$pair@$$CBHPAVGraphicsBuffer@@@std@@@3@$0A@@std@@@std@@IBEPAU?$_Tree_node@U?$pair@$$CBHPAVGraphicsBuffer@@@std@@PAX@1@ABH@Z 004360f0 f i CommonPathfindingLib:GraphicsBufferManager.obj
 0002:000151c0       ??$_Lbound@V?$basic_string@DU?$char_traits@D@std@@V?$allocator@D@2@@std@@@?$_Tree@V?$_Tmap_traits@V?$basic_string@DU?$char_traits@D@std@@V?$allocator@D@2@@std@@HU?$less@V?$basic_string@DU?$char_traits@D@std@@V?$allocator@D@2@@std@@@2@V?$allocator@U?$pair@$$CBV?$basic_string@DU?$char_traits@D@std@@V?$allocator@D@2@@std@@H@std@@@2@$0A@@std@@@std@@IBEPAU?$_Tree_node@U?$pair@$$CBV?$basic_string@DU?$char_traits@D@std@@V?$allocator@D@2@@std@@H@std@@PAX@1@ABV?$basic_string@DU?$char_traits@D@std@@V?$allocator@D@2@@1@@Z 004361c0 f i CommonPathfindingLib:GraphicsBufferManager.obj
 0002:00015290       ??$_Traits_compare@U?$char_traits@D@std@@@std@@YAHQBDI0I@Z 00436290 f i CommonPathfindingLib:GraphicsBufferManager.obj
 0002:00015340       ??$_Try_emplace@ABH$$V@?$map@HPAVGraphicsBuffer@@U?$less@H@std@@V?$allocator@U?$pair@$$CBHPAVGraphicsBuffer@@@std@@@3@@std@@QAE?AU?$pair@V?$_Tree_iterator@V?$_Tree_val@U?$_Tree_simple_types@U?$pair@$$CBHPAVGraphicsBuffer@@@std@@@std@@@std@@@std@@_N@1@ABH@Z 00436340 f i CommonPathfindingLib:GraphicsBufferManager.obj
 0002:00015680       ??$_Try_emplace@ABV?$basic_string@DU?$char_traits@D@std@@V?$allocator@D@2@@std@@$$V@?$map@V?$basic_string@DU?$char_traits@D@std@@V?$allocator@D@2@@std@@HU?$less@V?$basic_string@DU?$char_traits@D@std@@V?$allocator@D@2@@std@@@2@V?$allocator@U?$pair@$$CBV?$basic_string@DU?$char_traits@D@std@@V?$allocator@D@2@@std@@H@std@@@2@@std@@QAE?AU?$pair@V?$_Tree_iterator@V?$_Tree_val@U?$_Tree_simple_types@U?$pair@$$CBV?$basic_string@DU?$char_traits@D@std@@V?$allocator@D@2@@std@@H@std@@@std@@@std@@@std@@_N@1@ABV?$basic_string@DU?$char_traits@D@std@@V?$allocator@D@2@@1@@Z 00436680 f i CommonPathfindingLib:GraphicsBufferManager.obj
 0002:000159c0       ??$addressof@PAU?$_Tree_node@U?$pair@$$CBHPAVGraphicsBuffer@@@std@@PAX@std@@@std@@YAPAPAU?$_Tree_node@U?$pair@$$CBHPAVGraphicsBuffer@@@std@@PAX@0@AAPAU10@@Z 004369c0 f i CommonPathfindingLib:GraphicsBufferManager.obj
 0002:00015a00       ??$addressof@PAU?$_Tree_node@U?$pair@$$CBV?$basic_string@DU?$char_traits@D@std@@V?$allocator@D@2@@std@@H@std@@PAX@std@@@std@@YAPAPAU?$_Tree_node@U?$pair@$$CBV?$basic_string@DU?$char_traits@D@std@@V?$allocator@D@2@@std@@H@std@@PAX@0@AAPAU10@@Z 00436a00 f i CommonPathfindingLib:GraphicsBufferManager.obj
 0002:00015a40       ??$addressof@U?$pair@$$CBHPAVGraphicsBuffer@@@std@@@std@@YAPAU?$pair@$$CBHPAVGraphicsBuffer@@@0@AAU10@@Z 00436a40 f i CommonPathfindingLib:GraphicsBufferManager.obj
 0002:00015a80       ??$addressof@U?$pair@$$CBV?$basic_string@DU?$char_traits@D@std@@V?$allocator@D@2@@std@@H@std@@@std@@YAPAU?$pair@$$CBV?$basic_string@DU?$char_traits@D@std@@V?$allocator@D@2@@std@@H@0@AAU10@@Z 00436a80 f i CommonPathfindingLib:GraphicsBufferManager.obj
 0002:00015ac0       ??$addressof@V?$_Tree_val@U?$_Tree_simple_types@U?$pair@$$CBHPAVGraphicsBuffer@@@std@@@std@@@std@@@std@@YAPAV?$_Tree_val@U?$_Tree_simple_types@U?$pair@$$CBHPAVGraphicsBuffer@@@std@@@std@@@0@AAV10@@Z 00436ac0 f i CommonPathfindingLib:GraphicsBufferManager.obj
 0002:00015b00       ??$addressof@V?$_Tree_val@U?$_Tree_simple_types@U?$pair@$$CBV?$basic_string@DU?$char_traits@D@std@@V?$allocator@D@2@@std@@H@std@@@std@@@std@@@std@@YAPAV?$_Tree_val@U?$_Tree_simple_types@U?$pair@$$CBV?$basic_string@DU?$char_traits@D@std@@V?$allocator@D@2@@std@@H@std@@@std@@@0@AAV10@@Z 00436b00 f i CommonPathfindingLib:GraphicsBufferManager.obj
 0002:00015b40       ??$construct@PAU?$_Tree_node@U?$pair@$$CBHPAVGraphicsBuffer@@@std@@PAX@std@@AAPAU12@@?$_Default_allocator_traits@V?$allocator@U?$_Tree_node@U?$pair@$$CBHPAVGraphicsBuffer@@@std@@PAX@std@@@std@@@std@@SAXAAV?$allocator@U?$_Tree_node@U?$pair@$$CBHPAVGraphicsBuffer@@@std@@PAX@std@@@1@QAPAU?$_Tree_node@U?$pair@$$CBHPAVGraphicsBuffer@@@std@@PAX@1@AAPAU31@@Z 00436b40 f i CommonPathfindingLib:GraphicsBufferManager.obj
 0002:00015bc0       ??$construct@PAU?$_Tree_node@U?$pair@$$CBV?$basic_string@DU?$char_traits@D@std@@V?$allocator@D@2@@std@@H@std@@PAX@std@@AAPAU12@@?$_Default_allocator_traits@V?$allocator@U?$_Tree_node@U?$pair@$$CBV?$basic_string@DU?$char_traits@D@std@@V?$allocator@D@2@@std@@H@std@@PAX@std@@@std@@@std@@SAXAAV?$allocator@U?$_Tree_node@U?$pair@$$CBV?$basic_string@DU?$char_traits@D@std@@V?$allocator@D@2@@std@@H@std@@PAX@std@@@1@QAPAU?$_Tree_node@U?$pair@$$CBV?$basic_string@DU?$char_traits@D@std@@V?$allocator@D@2@@std@@H@std@@PAX@1@AAPAU31@@Z 00436bc0 f i CommonPathfindingLib:GraphicsBufferManager.obj
 0002:00015c40       ??$construct@U?$pair@$$CBHPAVGraphicsBuffer@@@std@@ABUpiecewise_construct_t@2@V?$tuple@ABH@2@V?$tuple@$$V@2@@?$_Default_allocator_traits@V?$allocator@U?$_Tree_node@U?$pair@$$CBHPAVGraphicsBuffer@@@std@@PAX@std@@@std@@@std@@SAXAAV?$allocator@U?$_Tree_node@U?$pair@$$CBHPAVGraphicsBuffer@@@std@@PAX@std@@@1@QAU?$pair@$$CBHPAVGraphicsBuffer@@@1@ABUpiecewise_construct_t@1@$$QAV?$tuple@ABH@1@$$QAV?$tuple@$$V@1@@Z 00436c40 f i CommonPathfindingLib:GraphicsBufferManager.obj
 0002:00015d60       ??$construct@U?$pair@$$CBV?$basic_string@DU?$char_traits@D@std@@V?$allocator@D@2@@std@@H@std@@ABUpiecewise_construct_t@2@V?$tuple@ABV?$basic_string@DU?$char_traits@D@std@@V?$allocator@D@2@@std@@@2@V?$tuple@$$V@2@@?$_Default_allocator_traits@V?$allocator@U?$_Tree_node@U?$pair@$$CBV?$basic_string@DU?$char_traits@D@std@@V?$allocator@D@2@@std@@H@std@@PAX@std@@@std@@@std@@SAXAAV?$allocator@U?$_Tree_node@U?$pair@$$CBV?$basic_string@DU?$char_traits@D@std@@V?$allocator@D@2@@std@@H@std@@PAX@std@@@1@QAU?$pair@$$CBV?$basic_string@DU?$char_traits@D@std@@V?$allocator@D@2@@std@@H@1@ABUpiecewise_construct_t@1@$$QAV?$tuple@ABV?$basic_string@DU?$char_traits@D@std@@V?$allocator@D@2@@std@@@1@$$QAV?$tuple@$$V@1@@Z 00436d60 f i CommonPathfindingLib:GraphicsBufferManager.obj
 0002:00015e80       ??$destroy@PAU?$_Tree_node@U?$pair@$$CBHPAVGraphicsBuffer@@@std@@PAX@std@@@?$_Default_allocator_traits@V?$allocator@U?$_Tree_node@U?$pair@$$CBHPAVGraphicsBuffer@@@std@@PAX@std@@@std@@@std@@SAXAAV?$allocator@U?$_Tree_node@U?$pair@$$CBHPAVGraphicsBuffer@@@std@@PAX@std@@@1@QAPAU?$_Tree_node@U?$pair@$$CBHPAVGraphicsBuffer@@@std@@PAX@1@@Z 00436e80 f i CommonPathfindingLib:GraphicsBufferManager.obj
 0002:00015eb0       ??$destroy@PAU?$_Tree_node@U?$pair@$$CBV?$basic_string@DU?$char_traits@D@std@@V?$allocator@D@2@@std@@H@std@@PAX@std@@@?$_Default_allocator_traits@V?$allocator@U?$_Tree_node@U?$pair@$$CBV?$basic_string@DU?$char_traits@D@std@@V?$allocator@D@2@@std@@H@std@@PAX@std@@@std@@@std@@SAXAAV?$allocator@U?$_Tree_node@U?$pair@$$CBV?$basic_string@DU?$char_traits@D@std@@V?$allocator@D@2@@std@@H@std@@PAX@std@@@1@QAPAU?$_Tree_node@U?$pair@$$CBV?$basic_string@DU?$char_traits@D@std@@V?$allocator@D@2@@std@@H@std@@PAX@1@@Z 00436eb0 f i CommonPathfindingLib:GraphicsBufferManager.obj
 0002:00015ee0       ??$destroy@U?$pair@$$CBHPAVGraphicsBuffer@@@std@@@?$_Default_allocator_traits@V?$allocator@U?$_Tree_node@U?$pair@$$CBHPAVGraphicsBuffer@@@std@@PAX@std@@@std@@@std@@SAXAAV?$allocator@U?$_Tree_node@U?$pair@$$CBHPAVGraphicsBuffer@@@std@@PAX@std@@@1@QAU?$pair@$$CBHPAVGraphicsBuffer@@@1@@Z 00436ee0 f i CommonPathfindingLib:GraphicsBufferManager.obj
 0002:00015f10       ??$destroy@U?$pair@$$CBV?$basic_string@DU?$char_traits@D@std@@V?$allocator@D@2@@std@@H@std@@@?$_Default_allocator_traits@V?$allocator@U?$_Tree_node@U?$pair@$$CBV?$basic_string@DU?$char_traits@D@std@@V?$allocator@D@2@@std@@H@std@@PAX@std@@@std@@@std@@SAXAAV?$allocator@U?$_Tree_node@U?$pair@$$CBV?$basic_string@DU?$char_traits@D@std@@V?$allocator@D@2@@std@@H@std@@PAX@std@@@1@QAU?$pair@$$CBV?$basic_string@DU?$char_traits@D@std@@V?$allocator@D@2@@std@@H@1@@Z 00436f10 f i CommonPathfindingLib:GraphicsBufferManager.obj
 0002:00015f60       ??$emplace_hint@ABUpiecewise_construct_t@std@@V?$tuple@ABH@2@V?$tuple@$$V@2@@?$_Tree@V?$_Tmap_traits@HPAVGraphicsBuffer@@U?$less@H@std@@V?$allocator@U?$pair@$$CBHPAVGraphicsBuffer@@@std@@@3@$0A@@std@@@std@@QAE?AV?$_Tree_iterator@V?$_Tree_val@U?$_Tree_simple_types@U?$pair@$$CBHPAVGraphicsBuffer@@@std@@@std@@@std@@@1@V?$_Tree_const_iterator@V?$_Tree_val@U?$_Tree_simple_types@U?$pair@$$CBHPAVGraphicsBuffer@@@std@@@std@@@std@@@1@ABUpiecewise_construct_t@1@$$QAV?$tuple@ABH@1@$$QAV?$tuple@$$V@1@@Z 00436f60 f i CommonPathfindingLib:GraphicsBufferManager.obj
 0002:000160a0       ??$emplace_hint@ABUpiecewise_construct_t@std@@V?$tuple@ABV?$basic_string@DU?$char_traits@D@std@@V?$allocator@D@2@@std@@@2@V?$tuple@$$V@2@@?$_Tree@V?$_Tmap_traits@V?$basic_string@DU?$char_traits@D@std@@V?$allocator@D@2@@std@@HU?$less@V?$basic_string@DU?$char_traits@D@std@@V?$allocator@D@2@@std@@@2@V?$allocator@U?$pair@$$CBV?$basic_string@DU?$char_traits@D@std@@V?$allocator@D@2@@std@@H@std@@@2@$0A@@std@@@std@@QAE?AV?$_Tree_iterator@V?$_Tree_val@U?$_Tree_simple_types@U?$pair@$$CBV?$basic_string@DU?$char_traits@D@std@@V?$allocator@D@2@@std@@H@std@@@std@@@std@@@1@V?$_Tree_const_iterator@V?$_Tree_val@U?$_Tree_simple_types@U?$pair@$$CBV?$basic_string@DU?$char_traits@D@std@@V?$allocator@D@2@@std@@H@std@@@std@@@std@@@1@ABUpiecewise_construct_t@1@$$QAV?$tuple@ABV?$basic_string@DU?$char_traits@D@std@@V?$allocator@D@2@@std@@@1@$$QAV?$tuple@$$V@1@@Z 004370a0 f i CommonPathfindingLib:GraphicsBufferManager.obj
 0002:000161e0       ??$erase@V?$_Tree_iterator@V?$_Tree_val@U?$_Tree_simple_types@U?$pair@$$CBHPAVGraphicsBuffer@@@std@@@std@@@std@@@std@@X@?$_Tree@V?$_Tmap_traits@HPAVGraphicsBuffer@@U?$less@H@std@@V?$allocator@U?$pair@$$CBHPAVGraphicsBuffer@@@std@@@3@$0A@@std@@@std@@QAE?AV?$_Tree_iterator@V?$_Tree_val@U?$_Tree_simple_types@U?$pair@$$CBHPAVGraphicsBuffer@@@std@@@std@@@std@@@1@V21@@Z 004371e0 f i CommonPathfindingLib:GraphicsBufferManager.obj
 0002:000162d0       ??$erase@V?$_Tree_iterator@V?$_Tree_val@U?$_Tree_simple_types@U?$pair@$$CBV?$basic_string@DU?$char_traits@D@std@@V?$allocator@D@2@@std@@H@std@@@std@@@std@@@std@@X@?$_Tree@V?$_Tmap_traits@V?$basic_string@DU?$char_traits@D@std@@V?$allocator@D@2@@std@@HU?$less@V?$basic_string@DU?$char_traits@D@std@@V?$allocator@D@2@@std@@@2@V?$allocator@U?$pair@$$CBV?$basic_string@DU?$char_traits@D@std@@V?$allocator@D@2@@std@@H@std@@@2@$0A@@std@@@std@@QAE?AV?$_Tree_iterator@V?$_Tree_val@U?$_Tree_simple_types@U?$pair@$$CBV?$basic_string@DU?$char_traits@D@std@@V?$allocator@D@2@@std@@H@std@@@std@@@std@@@1@V21@@Z 004372d0 f i CommonPathfindingLib:GraphicsBufferManager.obj
 0002:000163c0       ??$forward@AAPAU?$_Tree_node@U?$pair@$$CBHPAVGraphicsBuffer@@@std@@PAX@std@@@std@@YAAAPAU?$_Tree_node@U?$pair@$$CBHPAVGraphicsBuffer@@@std@@PAX@0@AAPAU10@@Z 004373c0 f i CommonPathfindingLib:GraphicsBufferManager.obj
 0002:00016400       ??$forward@AAPAU?$_Tree_node@U?$pair@$$CBV?$basic_string@DU?$char_traits@D@std@@V?$allocator@D@2@@std@@H@std@@PAX@std@@@std@@YAAAPAU?$_Tree_node@U?$pair@$$CBV?$basic_string@DU?$char_traits@D@std@@V?$allocator@D@2@@std@@H@std@@PAX@0@AAPAU10@@Z 00437400 f i CommonPathfindingLib:GraphicsBufferManager.obj
 0002:00016440       ??$forward@AAU?$pair@$$CBHPAVGraphicsBuffer@@@std@@@std@@YAAAU?$pair@$$CBHPAVGraphicsBuffer@@@0@AAU10@@Z 00437440 f i CommonPathfindingLib:GraphicsBufferManager.obj
 0002:00016480       ??$forward@AAU?$pair@$$CBV?$basic_string@DU?$char_traits@D@std@@V?$allocator@D@2@@std@@H@std@@@std@@YAAAU?$pair@$$CBV?$basic_string@DU?$char_traits@D@std@@V?$allocator@D@2@@std@@H@0@AAU10@@Z 00437480 f i CommonPathfindingLib:GraphicsBufferManager.obj
 0002:000164c0       ??$forward@AAV?$_Tree_iterator@V?$_Tree_val@U?$_Tree_simple_types@U?$pair@$$CBHPAVGraphicsBuffer@@@std@@@std@@@std@@@std@@@std@@YAAAV?$_Tree_iterator@V?$_Tree_val@U?$_Tree_simple_types@U?$pair@$$CBHPAVGraphicsBuffer@@@std@@@std@@@std@@@0@AAV10@@Z 004374c0 f i CommonPathfindingLib:GraphicsBufferManager.obj
 0002:00016500       ??$forward@AAV?$_Tree_iterator@V?$_Tree_val@U?$_Tree_simple_types@U?$pair@$$CBV?$basic_string@DU?$char_traits@D@std@@V?$allocator@D@2@@std@@H@std@@@std@@@std@@@std@@@std@@YAAAV?$_Tree_iterator@V?$_Tree_val@U?$_Tree_simple_types@U?$pair@$$CBV?$basic_string@DU?$char_traits@D@std@@V?$allocator@D@2@@std@@H@std@@@std@@@std@@@0@AAV10@@Z 00437500 f i CommonPathfindingLib:GraphicsBufferManager.obj
 0002:00016540       ??$forward@ABH@std@@YAABHABH@Z 00437540 f i CommonPathfindingLib:GraphicsBufferManager.obj
 0002:00016580       ??$forward@ABU?$less@H@std@@@std@@YAABU?$less@H@0@ABU10@@Z 00437580 f i CommonPathfindingLib:GraphicsBufferManager.obj
 0002:000165c0       ??$forward@ABU?$less@V?$basic_string@DU?$char_traits@D@std@@V?$allocator@D@2@@std@@@std@@@std@@YAABU?$less@V?$basic_string@DU?$char_traits@D@std@@V?$allocator@D@2@@std@@@0@ABU10@@Z 004375c0 f i CommonPathfindingLib:GraphicsBufferManager.obj
 0002:00016600       ??$forward@ABUpiecewise_construct_t@std@@@std@@YAABUpiecewise_construct_t@0@ABU10@@Z 00437600 f i CommonPathfindingLib:GraphicsBufferManager.obj
 0002:00016640       ??$forward@ABV?$basic_string@DU?$char_traits@D@std@@V?$allocator@D@2@@std@@@std@@YAABV?$basic_string@DU?$char_traits@D@std@@V?$allocator@D@2@@0@ABV10@@Z 00437640 f i CommonPathfindingLib:GraphicsBufferManager.obj
 0002:00016680       ??$forward@U_Zero_then_variadic_args_t@std@@@std@@YA$$QAU_Zero_then_variadic_args_t@0@AAU10@@Z 00437680 f i CommonPathfindingLib:GraphicsBufferManager.obj
 0002:000166c0       ??$forward@V?$_Tree_iterator@V?$_Tree_val@U?$_Tree_simple_types@U?$pair@$$CBHPAVGraphicsBuffer@@@std@@@std@@@std@@@std@@@std@@YA$$QAV?$_Tree_iterator@V?$_Tree_val@U?$_Tree_simple_types@U?$pair@$$CBHPAVGraphicsBuffer@@@std@@@std@@@std@@@0@AAV10@@Z 004376c0 f i CommonPathfindingLib:GraphicsBufferManager.obj
 0002:00016700       ??$forward@V?$_Tree_iterator@V?$_Tree_val@U?$_Tree_simple_types@U?$pair@$$CBV?$basic_string@DU?$char_traits@D@std@@V?$allocator@D@2@@std@@H@std@@@std@@@std@@@std@@@std@@YA$$QAV?$_Tree_iterator@V?$_Tree_val@U?$_Tree_simple_types@U?$pair@$$CBV?$basic_string@DU?$char_traits@D@std@@V?$allocator@D@2@@std@@H@std@@@std@@@std@@@0@AAV10@@Z 00437700 f i CommonPathfindingLib:GraphicsBufferManager.obj
 0002:00016740       ??$forward@V?$allocator@D@std@@@std@@YA$$QAV?$allocator@D@0@AAV10@@Z 00437740 f i CommonPathfindingLib:GraphicsBufferManager.obj
 0002:00016780       ??$forward@V?$tuple@$$V@std@@@std@@YA$$QAV?$tuple@$$V@0@AAV10@@Z 00437780 f i CommonPathfindingLib:GraphicsBufferManager.obj
 0002:000167c0       ??$forward@V?$tuple@ABH@std@@@std@@YA$$QAV?$tuple@ABH@0@AAV10@@Z 004377c0 f i CommonPathfindingLib:GraphicsBufferManager.obj
 0002:00016800       ??$forward@V?$tuple@ABV?$basic_string@DU?$char_traits@D@std@@V?$allocator@D@2@@std@@@std@@@std@@YA$$QAV?$tuple@ABV?$basic_string@DU?$char_traits@D@std@@V?$allocator@D@2@@std@@@0@AAV10@@Z 00437800 f i CommonPathfindingLib:GraphicsBufferManager.obj
 0002:00016840       ??$forward@_N@std@@YA$$QA_NAA_N@Z 00437840 f i CommonPathfindingLib:GraphicsBufferManager.obj
 0002:00016880       ??$forward_as_tuple@$$V@std@@YA?AV?$tuple@$$V@0@XZ 00437880 f i CommonPathfindingLib:GraphicsBufferManager.obj
 0002:000168d0       ??$forward_as_tuple@ABH@std@@YA?AV?$tuple@ABH@0@ABH@Z 004378d0 f i CommonPathfindingLib:GraphicsBufferManager.obj
 0002:00016970       ??$forward_as_tuple@ABV?$basic_string@DU?$char_traits@D@std@@V?$allocator@D@2@@std@@@std@@YA?AV?$tuple@ABV?$basic_string@DU?$char_traits@D@std@@V?$allocator@D@2@@std@@@0@ABV?$basic_string@DU?$char_traits@D@std@@V?$allocator@D@2@@0@@Z 00437970 f i CommonPathfindingLib:GraphicsBufferManager.obj
 0002:00016a10       ??$get@$0A@ABH@std@@YAABH$$QAV?$tuple@ABH@0@@Z 00437a10 f i CommonPathfindingLib:GraphicsBufferManager.obj
 0002:00016a60       ??$get@$0A@ABV?$basic_string@DU?$char_traits@D@std@@V?$allocator@D@2@@std@@@std@@YAABV?$basic_string@DU?$char_traits@D@std@@V?$allocator@D@2@@0@$$QAV?$tuple@ABV?$basic_string@DU?$char_traits@D@std@@V?$allocator@D@2@@std@@@0@@Z 00437a60 f i CommonPathfindingLib:GraphicsBufferManager.obj
 0002:00016ab0       ??$move@AAD@std@@YA$$QADAAD@Z 00437ab0 f i CommonPathfindingLib:GraphicsBufferManager.obj
 0002:00016af0       ??$move@AAV?$tuple@ABH@std@@@std@@YA$$QAV?$tuple@ABH@0@AAV10@@Z 00437af0 f i CommonPathfindingLib:GraphicsBufferManager.obj
 0002:00016b30       ??$move@AAV?$tuple@ABV?$basic_string@DU?$char_traits@D@std@@V?$allocator@D@2@@std@@@std@@@std@@YA$$QAV?$tuple@ABV?$basic_string@DU?$char_traits@D@std@@V?$allocator@D@2@@std@@@0@AAV10@@Z 00437b30 f i CommonPathfindingLib:GraphicsBufferManager.obj
 0002:00016b70       ??$swap@DX@std@@YAXAAD0@Z  00437b70 f i CommonPathfindingLib:GraphicsBufferManager.obj
 0002:00016c30       ??$try_emplace@$$V@?$map@HPAVGraphicsBuffer@@U?$less@H@std@@V?$allocator@U?$pair@$$CBHPAVGraphicsBuffer@@@std@@@3@@std@@QAE?AU?$pair@V?$_Tree_iterator@V?$_Tree_val@U?$_Tree_simple_types@U?$pair@$$CBHPAVGraphicsBuffer@@@std@@@std@@@std@@@std@@_N@1@ABH@Z 00437c30 f i CommonPathfindingLib:GraphicsBufferManager.obj
 0002:00016cb0       ??$try_emplace@$$V@?$map@V?$basic_string@DU?$char_traits@D@std@@V?$allocator@D@2@@std@@HU?$less@V?$basic_string@DU?$char_traits@D@std@@V?$allocator@D@2@@std@@@2@V?$allocator@U?$pair@$$CBV?$basic_string@DU?$char_traits@D@std@@V?$allocator@D@2@@std@@H@std@@@2@@std@@QAE?AU?$pair@V?$_Tree_iterator@V?$_Tree_val@U?$_Tree_simple_types@U?$pair@$$CBV?$basic_string@DU?$char_traits@D@std@@V?$allocator@D@2@@std@@H@std@@@std@@@std@@@std@@_N@1@ABV?$basic_string@DU?$char_traits@D@std@@V?$allocator@D@2@@1@@Z 00437cb0 f i CommonPathfindingLib:GraphicsBufferManager.obj
 0002:00016d30       ??0?$_Tree@V?$_Tmap_traits@HPAVGraphicsBuffer@@U?$less@H@std@@V?$allocator@U?$pair@$$CBHPAVGraphicsBuffer@@@std@@@3@$0A@@std@@@std@@QAE@ABU?$less@H@1@@Z 00437d30 f i CommonPathfindingLib:GraphicsBufferManager.obj
 0002:00016d90       ??0?$_Tree@V?$_Tmap_traits@V?$basic_string@DU?$char_traits@D@std@@V?$allocator@D@2@@std@@HU?$less@V?$basic_string@DU?$char_traits@D@std@@V?$allocator@D@2@@std@@@2@V?$allocator@U?$pair@$$CBV?$basic_string@DU?$char_traits@D@std@@V?$allocator@D@2@@std@@H@std@@@2@$0A@@std@@@std@@QAE@ABU?$less@V?$basic_string@DU?$char_traits@D@std@@V?$allocator@D@2@@std@@@1@@Z 00437d90 f i CommonPathfindingLib:GraphicsBufferManager.obj
 0002:00016df0       ??0?$_Tree_comp_alloc@V?$_Tmap_traits@HPAVGraphicsBuffer@@U?$less@H@std@@V?$allocator@U?$pair@$$CBHPAVGraphicsBuffer@@@std@@@3@$0A@@std@@@std@@QAE@ABU?$less@H@1@@Z 00437df0 f i CommonPathfindingLib:GraphicsBufferManager.obj
 0002:00016eb0       ??0?$_Tree_comp_alloc@V?$_Tmap_traits@V?$basic_string@DU?$char_traits@D@std@@V?$allocator@D@2@@std@@HU?$less@V?$basic_string@DU?$char_traits@D@std@@V?$allocator@D@2@@std@@@2@V?$allocator@U?$pair@$$CBV?$basic_string@DU?$char_traits@D@std@@V?$allocator@D@2@@std@@H@std@@@2@$0A@@std@@@std@@QAE@ABU?$less@V?$basic_string@DU?$char_traits@D@std@@V?$allocator@D@2@@std@@@1@@Z 00437eb0 f i CommonPathfindingLib:GraphicsBufferManager.obj
 0002:00016f70       ??0?$_Tree_const_iterator@V?$_Tree_val@U?$_Tree_simple_types@U?$pair@$$CBHPAVGraphicsBuffer@@@std@@@std@@@std@@@std@@QAE@$$QAV01@@Z 00437f70 f i CommonPathfindingLib:GraphicsBufferManager.obj
 0002:00016fd0       ??0?$_Tree_const_iterator@V?$_Tree_val@U?$_Tree_simple_types@U?$pair@$$CBHPAVGraphicsBuffer@@@std@@@std@@@std@@@std@@QAE@ABV01@@Z 00437fd0 f i CommonPathfindingLib:GraphicsBufferManager.obj
 0002:00017030       ??0?$_Tree_const_iterator@V?$_Tree_val@U?$_Tree_simple_types@U?$pair@$$CBHPAVGraphicsBuffer@@@std@@@std@@@std@@@std@@QAE@PAU?$_Tree_node@U?$pair@$$CBHPAVGraphicsBuffer@@@std@@PAX@1@PBV?$_Tree_val@U?$_Tree_simple_types@U?$pair@$$CBHPAVGraphicsBuffer@@@std@@@std@@@1@@Z 00438030 f i CommonPathfindingLib:GraphicsBufferManager.obj
 0002:00017090       ??0?$_Tree_const_iterator@V?$_Tree_val@U?$_Tree_simple_types@U?$pair@$$CBHPAVGraphicsBuffer@@@std@@@std@@@std@@@std@@QAE@XZ 00438090 f i CommonPathfindingLib:GraphicsBufferManager.obj
 0002:000170f0       ??0?$_Tree_const_iterator@V?$_Tree_val@U?$_Tree_simple_types@U?$pair@$$CBV?$basic_string@DU?$char_traits@D@std@@V?$allocator@D@2@@std@@H@std@@@std@@@std@@@std@@QAE@$$QAV01@@Z 004380f0 f i CommonPathfindingLib:GraphicsBufferManager.obj
 0002:00017150       ??0?$_Tree_const_iterator@V?$_Tree_val@U?$_Tree_simple_types@U?$pair@$$CBV?$basic_string@DU?$char_traits@D@std@@V?$allocator@D@2@@std@@H@std@@@std@@@std@@@std@@QAE@ABV01@@Z 00438150 f i CommonPathfindingLib:GraphicsBufferManager.obj
 0002:000171b0       ??0?$_Tree_const_iterator@V?$_Tree_val@U?$_Tree_simple_types@U?$pair@$$CBV?$basic_string@DU?$char_traits@D@std@@V?$allocator@D@2@@std@@H@std@@@std@@@std@@@std@@QAE@PAU?$_Tree_node@U?$pair@$$CBV?$basic_string@DU?$char_traits@D@std@@V?$allocator@D@2@@std@@H@std@@PAX@1@PBV?$_Tree_val@U?$_Tree_simple_types@U?$pair@$$CBV?$basic_string@DU?$char_traits@D@std@@V?$allocator@D@2@@std@@H@std@@@std@@@1@@Z 004381b0 f i CommonPathfindingLib:GraphicsBufferManager.obj
 0002:00017210       ??0?$_Tree_const_iterator@V?$_Tree_val@U?$_Tree_simple_types@U?$pair@$$CBV?$basic_string@DU?$char_traits@D@std@@V?$allocator@D@2@@std@@H@std@@@std@@@std@@@std@@QAE@XZ 00438210 f i CommonPathfindingLib:GraphicsBufferManager.obj
 0002:00017270       ??0?$_Tree_iterator@V?$_Tree_val@U?$_Tree_simple_types@U?$pair@$$CBHPAVGraphicsBuffer@@@std@@@std@@@std@@@std@@QAE@$$QAV01@@Z 00438270 f i CommonPathfindingLib:GraphicsBufferManager.obj
 0002:000172d0       ??0?$_Tree_iterator@V?$_Tree_val@U?$_Tree_simple_types@U?$pair@$$CBHPAVGraphicsBuffer@@@std@@@std@@@std@@@std@@QAE@ABV01@@Z 004382d0 f i CommonPathfindingLib:GraphicsBufferManager.obj
 0002:00017330       ??0?$_Tree_iterator@V?$_Tree_val@U?$_Tree_simple_types@U?$pair@$$CBHPAVGraphicsBuffer@@@std@@@std@@@std@@@std@@QAE@PAU?$_Tree_node@U?$pair@$$CBHPAVGraphicsBuffer@@@std@@PAX@1@PBV?$_Tree_val@U?$_Tree_simple_types@U?$pair@$$CBHPAVGraphicsBuffer@@@std@@@std@@@1@@Z 00438330 f i CommonPathfindingLib:GraphicsBufferManager.obj
 0002:00017390       ??0?$_Tree_iterator@V?$_Tree_val@U?$_Tree_simple_types@U?$pair@$$CBHPAVGraphicsBuffer@@@std@@@std@@@std@@@std@@QAE@XZ 00438390 f i CommonPathfindingLib:GraphicsBufferManager.obj
 0002:000173f0       ??0?$_Tree_iterator@V?$_Tree_val@U?$_Tree_simple_types@U?$pair@$$CBV?$basic_string@DU?$char_traits@D@std@@V?$allocator@D@2@@std@@H@std@@@std@@@std@@@std@@QAE@$$QAV01@@Z 004383f0 f i CommonPathfindingLib:GraphicsBufferManager.obj
 0002:00017450       ??0?$_Tree_iterator@V?$_Tree_val@U?$_Tree_simple_types@U?$pair@$$CBV?$basic_string@DU?$char_traits@D@std@@V?$allocator@D@2@@std@@H@std@@@std@@@std@@@std@@QAE@ABV01@@Z 00438450 f i CommonPathfindingLib:GraphicsBufferManager.obj
 0002:000174b0       ??0?$_Tree_iterator@V?$_Tree_val@U?$_Tree_simple_types@U?$pair@$$CBV?$basic_string@DU?$char_traits@D@std@@V?$allocator@D@2@@std@@H@std@@@std@@@std@@@std@@QAE@PAU?$_Tree_node@U?$pair@$$CBV?$basic_string@DU?$char_traits@D@std@@V?$allocator@D@2@@std@@H@std@@PAX@1@PBV?$_Tree_val@U?$_Tree_simple_types@U?$pair@$$CBV?$basic_string@DU?$char_traits@D@std@@V?$allocator@D@2@@std@@H@std@@@std@@@1@@Z 004384b0 f i CommonPathfindingLib:GraphicsBufferManager.obj
 0002:00017510       ??0?$_Tree_iterator@V?$_Tree_val@U?$_Tree_simple_types@U?$pair@$$CBV?$basic_string@DU?$char_traits@D@std@@V?$allocator@D@2@@std@@H@std@@@std@@@std@@@std@@QAE@XZ 00438510 f i CommonPathfindingLib:GraphicsBufferManager.obj
 0002:00017570       ??0?$_Tree_unchecked_const_iterator@V?$_Tree_val@U?$_Tree_simple_types@U?$pair@$$CBHPAVGraphicsBuffer@@@std@@@std@@@std@@U_Iterator_base12@2@@std@@QAE@$$QAV01@@Z 00438570 f i CommonPathfindingLib:GraphicsBufferManager.obj
 0002:000175e0       ??0?$_Tree_unchecked_const_iterator@V?$_Tree_val@U?$_Tree_simple_types@U?$pair@$$CBHPAVGraphicsBuffer@@@std@@@std@@@std@@U_Iterator_base12@2@@std@@QAE@ABV01@@Z 004385e0 f i CommonPathfindingLib:GraphicsBufferManager.obj
 0002:00017650       ??0?$_Tree_unchecked_const_iterator@V?$_Tree_val@U?$_Tree_simple_types@U?$pair@$$CBHPAVGraphicsBuffer@@@std@@@std@@@std@@U_Iterator_base12@2@@std@@QAE@PAU?$_Tree_node@U?$pair@$$CBHPAVGraphicsBuffer@@@std@@PAX@1@PBV?$_Tree_val@U?$_Tree_simple_types@U?$pair@$$CBHPAVGraphicsBuffer@@@std@@@std@@@1@@Z 00438650 f i CommonPathfindingLib:GraphicsBufferManager.obj
 0002:000176c0       ??0?$_Tree_unchecked_const_iterator@V?$_Tree_val@U?$_Tree_simple_types@U?$pair@$$CBHPAVGraphicsBuffer@@@std@@@std@@@std@@U_Iterator_base12@2@@std@@QAE@XZ 004386c0 f i CommonPathfindingLib:GraphicsBufferManager.obj
 0002:00017720       ??0?$_Tree_unchecked_const_iterator@V?$_Tree_val@U?$_Tree_simple_types@U?$pair@$$CBV?$basic_string@DU?$char_traits@D@std@@V?$allocator@D@2@@std@@H@std@@@std@@@std@@U_Iterator_base12@2@@std@@QAE@$$QAV01@@Z 00438720 f i CommonPathfindingLib:GraphicsBufferManager.obj
 0002:00017790       ??0?$_Tree_unchecked_const_iterator@V?$_Tree_val@U?$_Tree_simple_types@U?$pair@$$CBV?$basic_string@DU?$char_traits@D@std@@V?$allocator@D@2@@std@@H@std@@@std@@@std@@U_Iterator_base12@2@@std@@QAE@ABV01@@Z 00438790 f i CommonPathfindingLib:GraphicsBufferManager.obj
 0002:00017800       ??0?$_Tree_unchecked_const_iterator@V?$_Tree_val@U?$_Tree_simple_types@U?$pair@$$CBV?$basic_string@DU?$char_traits@D@std@@V?$allocator@D@2@@std@@H@std@@@std@@@std@@U_Iterator_base12@2@@std@@QAE@PAU?$_Tree_node@U?$pair@$$CBV?$basic_string@DU?$char_traits@D@std@@V?$allocator@D@2@@std@@H@std@@PAX@1@PBV?$_Tree_val@U?$_Tree_simple_types@U?$pair@$$CBV?$basic_string@DU?$char_traits@D@std@@V?$allocator@D@2@@std@@H@std@@@std@@@1@@Z 00438800 f i CommonPathfindingLib:GraphicsBufferManager.obj
 0002:00017870       ??0?$_Tree_unchecked_const_iterator@V?$_Tree_val@U?$_Tree_simple_types@U?$pair@$$CBV?$basic_string@DU?$char_traits@D@std@@V?$allocator@D@2@@std@@H@std@@@std@@@std@@U_Iterator_base12@2@@std@@QAE@XZ 00438870 f i CommonPathfindingLib:GraphicsBufferManager.obj
 0002:000178d0       ??0?$_Tree_val@U?$_Tree_simple_types@U?$pair@$$CBHPAVGraphicsBuffer@@@std@@@std@@@std@@QAE@XZ 004388d0 f i CommonPathfindingLib:GraphicsBufferManager.obj
 0002:00017940       ??0?$_Tree_val@U?$_Tree_simple_types@U?$pair@$$CBV?$basic_string@DU?$char_traits@D@std@@V?$allocator@D@2@@std@@H@std@@@std@@@std@@QAE@XZ 00438940 f i CommonPathfindingLib:GraphicsBufferManager.obj
 0002:000179b0       ??0?$allocator@U?$_Tree_node@U?$pair@$$CBHPAVGraphicsBuffer@@@std@@PAX@std@@@std@@QAE@XZ 004389b0 f i CommonPathfindingLib:GraphicsBufferManager.obj
 0002:000179f0       ??0?$allocator@U?$_Tree_node@U?$pair@$$CBV?$basic_string@DU?$char_traits@D@std@@V?$allocator@D@2@@std@@H@std@@PAX@std@@@std@@QAE@XZ 004389f0 f i CommonPathfindingLib:GraphicsBufferManager.obj
 0002:00017a30       ??0?$basic_string@DU?$char_traits@D@std@@V?$allocator@D@2@@std@@QAE@ABV01@@Z 00438a30 f i CommonPathfindingLib:GraphicsBufferManager.obj
 0002:00017b00       ??0?$map@HPAVGraphicsBuffer@@U?$less@H@std@@V?$allocator@U?$pair@$$CBHPAVGraphicsBuffer@@@std@@@3@@std@@QAE@XZ 00438b00 f i CommonPathfindingLib:GraphicsBufferManager.obj
 0002:00017b60       ??0?$map@V?$basic_string@DU?$char_traits@D@std@@V?$allocator@D@2@@std@@HU?$less@V?$basic_string@DU?$char_traits@D@std@@V?$allocator@D@2@@std@@@2@V?$allocator@U?$pair@$$CBV?$basic_string@DU?$char_traits@D@std@@V?$allocator@D@2@@std@@H@std@@@2@@std@@QAE@XZ 00438b60 f i CommonPathfindingLib:GraphicsBufferManager.obj
 0002:00017bc0       ??0?$tuple@$$V@std@@QAE@ABV01@@Z 00438bc0 f i CommonPathfindingLib:GraphicsBufferManager.obj
 0002:00017c00       ??0?$tuple@$$V@std@@QAE@XZ 00438c00 f i CommonPathfindingLib:GraphicsBufferManager.obj
 0002:00017c40       ??0?$tuple@ABH@std@@QAE@$$QAV01@@Z 00438c40 f i CommonPathfindingLib:GraphicsBufferManager.obj
 0002:00017cb0       ??0?$tuple@ABV?$basic_string@DU?$char_traits@D@std@@V?$allocator@D@2@@std@@@std@@QAE@$$QAV01@@Z 00438cb0 f i CommonPathfindingLib:GraphicsBufferManager.obj
 0002:00017d20       ??0GraphicsBufferManager@@QAE@XZ 00438d20 f   CommonPathfindingLib:GraphicsBufferManager.obj
 0002:00017dd0       ??0_Iterator_base12@std@@QAE@ABU01@@Z 00438dd0 f i CommonPathfindingLib:GraphicsBufferManager.obj
 0002:00017e50       ??1?$_Compressed_pair@U?$less@H@std@@V?$_Compressed_pair@V?$allocator@U?$_Tree_node@U?$pair@$$CBHPAVGraphicsBuffer@@@std@@PAX@std@@@std@@V?$_Tree_val@U?$_Tree_simple_types@U?$pair@$$CBHPAVGraphicsBuffer@@@std@@@std@@@2@$00@2@$00@std@@QAE@XZ 00438e50 f i CommonPathfindingLib:GraphicsBufferManager.obj
 0002:00017ea0       ??1?$_Compressed_pair@U?$less@V?$basic_string@DU?$char_traits@D@std@@V?$allocator@D@2@@std@@@std@@V?$_Compressed_pair@V?$allocator@U?$_Tree_node@U?$pair@$$CBV?$basic_string@DU?$char_traits@D@std@@V?$allocator@D@2@@std@@H@std@@PAX@std@@@std@@V?$_Tree_val@U?$_Tree_simple_types@U?$pair@$$CBV?$basic_string@DU?$char_traits@D@std@@V?$allocator@D@2@@std@@H@std@@@std@@@2@$00@2@$00@std@@QAE@XZ 00438ea0 f i CommonPathfindingLib:GraphicsBufferManager.obj
 0002:00017ef0       ??1?$_Compressed_pair@V?$allocator@U?$_Tree_node@U?$pair@$$CBHPAVGraphicsBuffer@@@std@@PAX@std@@@std@@V?$_Tree_val@U?$_Tree_simple_types@U?$pair@$$CBHPAVGraphicsBuffer@@@std@@@std@@@2@$00@std@@QAE@XZ 00438ef0 f i CommonPathfindingLib:GraphicsBufferManager.obj
 0002:00017f40       ??1?$_Compressed_pair@V?$allocator@U?$_Tree_node@U?$pair@$$CBV?$basic_string@DU?$char_traits@D@std@@V?$allocator@D@2@@std@@H@std@@PAX@std@@@std@@V?$_Tree_val@U?$_Tree_simple_types@U?$pair@$$CBV?$basic_string@DU?$char_traits@D@std@@V?$allocator@D@2@@std@@H@std@@@std@@@2@$00@std@@QAE@XZ 00438f40 f i CommonPathfindingLib:GraphicsBufferManager.obj
 0002:00017f90       ??1?$_Tree@V?$_Tmap_traits@HPAVGraphicsBuffer@@U?$less@H@std@@V?$allocator@U?$pair@$$CBHPAVGraphicsBuffer@@@std@@@3@$0A@@std@@@std@@QAE@XZ 00438f90 f i CommonPathfindingLib:GraphicsBufferManager.obj
 0002:00018020       ??1?$_Tree@V?$_Tmap_traits@V?$basic_string@DU?$char_traits@D@std@@V?$allocator@D@2@@std@@HU?$less@V?$basic_string@DU?$char_traits@D@std@@V?$allocator@D@2@@std@@@2@V?$allocator@U?$pair@$$CBV?$basic_string@DU?$char_traits@D@std@@V?$allocator@D@2@@std@@H@std@@@2@$0A@@std@@@std@@QAE@XZ 00439020 f i CommonPathfindingLib:GraphicsBufferManager.obj
 0002:000180b0       ??1?$_Tree_comp_alloc@V?$_Tmap_traits@HPAVGraphicsBuffer@@U?$less@H@std@@V?$allocator@U?$pair@$$CBHPAVGraphicsBuffer@@@std@@@3@$0A@@std@@@std@@QAE@XZ 004390b0 f i CommonPathfindingLib:GraphicsBufferManager.obj
 0002:00018160       ??1?$_Tree_comp_alloc@V?$_Tmap_traits@V?$basic_string@DU?$char_traits@D@std@@V?$allocator@D@2@@std@@HU?$less@V?$basic_string@DU?$char_traits@D@std@@V?$allocator@D@2@@std@@@2@V?$allocator@U?$pair@$$CBV?$basic_string@DU?$char_traits@D@std@@V?$allocator@D@2@@std@@H@std@@@2@$0A@@std@@@std@@QAE@XZ 00439160 f i CommonPathfindingLib:GraphicsBufferManager.obj
 0002:00018210       ??1?$_Tree_const_iterator@V?$_Tree_val@U?$_Tree_simple_types@U?$pair@$$CBHPAVGraphicsBuffer@@@std@@@std@@@std@@@std@@QAE@XZ 00439210 f i CommonPathfindingLib:GraphicsBufferManager.obj
 0002:00018260       ??1?$_Tree_const_iterator@V?$_Tree_val@U?$_Tree_simple_types@U?$pair@$$CBV?$basic_string@DU?$char_traits@D@std@@V?$allocator@D@2@@std@@H@std@@@std@@@std@@@std@@QAE@XZ 00439260 f i CommonPathfindingLib:GraphicsBufferManager.obj
 0002:000182b0       ??1?$_Tree_iterator@V?$_Tree_val@U?$_Tree_simple_types@U?$pair@$$CBHPAVGraphicsBuffer@@@std@@@std@@@std@@@std@@QAE@XZ 004392b0 f i CommonPathfindingLib:GraphicsBufferManager.obj
 0002:00018300       ??1?$_Tree_iterator@V?$_Tree_val@U?$_Tree_simple_types@U?$pair@$$CBV?$basic_string@DU?$char_traits@D@std@@V?$allocator@D@2@@std@@H@std@@@std@@@std@@@std@@QAE@XZ 00439300 f i CommonPathfindingLib:GraphicsBufferManager.obj
 0002:00018350       ??1?$_Tree_unchecked_const_iterator@V?$_Tree_val@U?$_Tree_simple_types@U?$pair@$$CBHPAVGraphicsBuffer@@@std@@@std@@@std@@U_Iterator_base12@2@@std@@QAE@XZ 00439350 f i CommonPathfindingLib:GraphicsBufferManager.obj
 0002:000183a0       ??1?$_Tree_unchecked_const_iterator@V?$_Tree_val@U?$_Tree_simple_types@U?$pair@$$CBV?$basic_string@DU?$char_traits@D@std@@V?$allocator@D@2@@std@@H@std@@@std@@@std@@U_Iterator_base12@2@@std@@QAE@XZ 004393a0 f i CommonPathfindingLib:GraphicsBufferManager.obj
 0002:000183f0       ??1?$_Tree_val@U?$_Tree_simple_types@U?$pair@$$CBHPAVGraphicsBuffer@@@std@@@std@@@std@@QAE@XZ 004393f0 f i CommonPathfindingLib:GraphicsBufferManager.obj
 0002:00018440       ??1?$_Tree_val@U?$_Tree_simple_types@U?$pair@$$CBV?$basic_string@DU?$char_traits@D@std@@V?$allocator@D@2@@std@@H@std@@@std@@@std@@QAE@XZ 00439440 f i CommonPathfindingLib:GraphicsBufferManager.obj
 0002:00018490       ??1?$map@HPAVGraphicsBuffer@@U?$less@H@std@@V?$allocator@U?$pair@$$CBHPAVGraphicsBuffer@@@std@@@3@@std@@QAE@XZ 00439490 f i CommonPathfindingLib:GraphicsBufferManager.obj
 0002:000184e0       ??1?$map@V?$basic_string@DU?$char_traits@D@std@@V?$allocator@D@2@@std@@HU?$less@V?$basic_string@DU?$char_traits@D@std@@V?$allocator@D@2@@std@@@2@V?$allocator@U?$pair@$$CBV?$basic_string@DU?$char_traits@D@std@@V?$allocator@D@2@@std@@H@std@@@2@@std@@QAE@XZ 004394e0 f i CommonPathfindingLib:GraphicsBufferManager.obj
 0002:00018530       ??1?$pair@$$CBV?$basic_string@DU?$char_traits@D@std@@V?$allocator@D@2@@std@@H@std@@QAE@XZ 00439530 f i CommonPathfindingLib:GraphicsBufferManager.obj
 0002:00018580       ??1?$pair@V?$_Tree_iterator@V?$_Tree_val@U?$_Tree_simple_types@U?$pair@$$CBHPAVGraphicsBuffer@@@std@@@std@@@std@@@std@@_N@std@@QAE@XZ 00439580 f i CommonPathfindingLib:GraphicsBufferManager.obj
 0002:000185d0       ??1?$pair@V?$_Tree_iterator@V?$_Tree_val@U?$_Tree_simple_types@U?$pair@$$CBV?$basic_string@DU?$char_traits@D@std@@V?$allocator@D@2@@std@@H@std@@@std@@@std@@@std@@_N@std@@QAE@XZ 004395d0 f i CommonPathfindingLib:GraphicsBufferManager.obj
 0002:00018620       ??1GraphicsBufferManager@@QAE@XZ 00439620 f   CommonPathfindingLib:GraphicsBufferManager.obj
 0002:000186c0       ??3@YAXPAX0@Z              004396c0 f i CommonPathfindingLib:GraphicsBufferManager.obj
 0002:000186f0       ??4?$_Tree_const_iterator@V?$_Tree_val@U?$_Tree_simple_types@U?$pair@$$CBHPAVGraphicsBuffer@@@std@@@std@@@std@@@std@@QAEAAV01@$$QAV01@@Z 004396f0 f i CommonPathfindingLib:GraphicsBufferManager.obj
 0002:00018750       ??4?$_Tree_const_iterator@V?$_Tree_val@U?$_Tree_simple_types@U?$pair@$$CBHPAVGraphicsBuffer@@@std@@@std@@@std@@@std@@QAEAAV01@ABV01@@Z 00439750 f i CommonPathfindingLib:GraphicsBufferManager.obj
 0002:000187b0       ??4?$_Tree_const_iterator@V?$_Tree_val@U?$_Tree_simple_types@U?$pair@$$CBV?$basic_string@DU?$char_traits@D@std@@V?$allocator@D@2@@std@@H@std@@@std@@@std@@@std@@QAEAAV01@$$QAV01@@Z 004397b0 f i CommonPathfindingLib:GraphicsBufferManager.obj
 0002:00018810       ??4?$_Tree_const_iterator@V?$_Tree_val@U?$_Tree_simple_types@U?$pair@$$CBV?$basic_string@DU?$char_traits@D@std@@V?$allocator@D@2@@std@@H@std@@@std@@@std@@@std@@QAEAAV01@ABV01@@Z 00439810 f i CommonPathfindingLib:GraphicsBufferManager.obj
 0002:00018870       ??4?$_Tree_iterator@V?$_Tree_val@U?$_Tree_simple_types@U?$pair@$$CBHPAVGraphicsBuffer@@@std@@@std@@@std@@@std@@QAEAAV01@$$QAV01@@Z 00439870 f i CommonPathfindingLib:GraphicsBufferManager.obj
 0002:000188d0       ??4?$_Tree_iterator@V?$_Tree_val@U?$_Tree_simple_types@U?$pair@$$CBV?$basic_string@DU?$char_traits@D@std@@V?$allocator@D@2@@std@@H@std@@@std@@@std@@@std@@QAEAAV01@$$QAV01@@Z 004398d0 f i CommonPathfindingLib:GraphicsBufferManager.obj
 0002:00018930       ??4?$_Tree_unchecked_const_iterator@V?$_Tree_val@U?$_Tree_simple_types@U?$pair@$$CBHPAVGraphicsBuffer@@@std@@@std@@@std@@U_Iterator_base12@2@@std@@QAEAAV01@$$QAV01@@Z 00439930 f i CommonPathfindingLib:GraphicsBufferManager.obj
 0002:000189a0       ??4?$_Tree_unchecked_const_iterator@V?$_Tree_val@U?$_Tree_simple_types@U?$pair@$$CBHPAVGraphicsBuffer@@@std@@@std@@@std@@U_Iterator_base12@2@@std@@QAEAAV01@ABV01@@Z 004399a0 f i CommonPathfindingLib:GraphicsBufferManager.obj
 0002:00018a10       ??4?$_Tree_unchecked_const_iterator@V?$_Tree_val@U?$_Tree_simple_types@U?$pair@$$CBV?$basic_string@DU?$char_traits@D@std@@V?$allocator@D@2@@std@@H@std@@@std@@@std@@U_Iterator_base12@2@@std@@QAEAAV01@$$QAV01@@Z 00439a10 f i CommonPathfindingLib:GraphicsBufferManager.obj
 0002:00018a80       ??4?$_Tree_unchecked_const_iterator@V?$_Tree_val@U?$_Tree_simple_types@U?$pair@$$CBV?$basic_string@DU?$char_traits@D@std@@V?$allocator@D@2@@std@@H@std@@@std@@@std@@U_Iterator_base12@2@@std@@QAEAAV01@ABV01@@Z 00439a80 f i CommonPathfindingLib:GraphicsBufferManager.obj
 0002:00018af0       ??4_Iterator_base12@std@@QAEAAU01@ABU01@@Z 00439af0 f i CommonPathfindingLib:GraphicsBufferManager.obj
 0002:00018c20       ??8?$_Tree_const_iterator@V?$_Tree_val@U?$_Tree_simple_types@U?$pair@$$CBHPAVGraphicsBuffer@@@std@@@std@@@std@@@std@@QBE_NABV01@@Z 00439c20 f i CommonPathfindingLib:GraphicsBufferManager.obj
 0002:00018d10       ??8?$_Tree_const_iterator@V?$_Tree_val@U?$_Tree_simple_types@U?$pair@$$CBV?$basic_string@DU?$char_traits@D@std@@V?$allocator@D@2@@std@@H@std@@@std@@@std@@@std@@QBE_NABV01@@Z 00439d10 f i CommonPathfindingLib:GraphicsBufferManager.obj
 0002:00018e00       ??9?$_Tree_const_iterator@V?$_Tree_val@U?$_Tree_simple_types@U?$pair@$$CBHPAVGraphicsBuffer@@@std@@@std@@@std@@@std@@QBE_NABV01@@Z 00439e00 f i CommonPathfindingLib:GraphicsBufferManager.obj
 0002:00018e90       ??9?$_Tree_const_iterator@V?$_Tree_val@U?$_Tree_simple_types@U?$pair@$$CBV?$basic_string@DU?$char_traits@D@std@@V?$allocator@D@2@@std@@H@std@@@std@@@std@@@std@@QBE_NABV01@@Z 00439e90 f i CommonPathfindingLib:GraphicsBufferManager.obj
 0002:00018f20       ??A?$map@HPAVGraphicsBuffer@@U?$less@H@std@@V?$allocator@U?$pair@$$CBHPAVGraphicsBuffer@@@std@@@3@@std@@QAEAAPAVGraphicsBuffer@@ABH@Z 00439f20 f i CommonPathfindingLib:GraphicsBufferManager.obj
[...]
 0005:000000b4       __imp_?cout@std@@3V?$basic_ostream@DU?$char_traits@D@std@@@1@A 004780b4     msvcprtd:MSVCP140D.dll
 0005:000000b8       __imp_?id@?$codecvt@DDU_Mbstatet@@@std@@2V0locale@2@A 004780b8     msvcprtd:MSVCP140D.dll
 0005:000000bc       __imp_?_BADOFF@std@@3_JB   004780bc     msvcprtd:MSVCP140D.dll
 0005:000000c0       __imp_?xsputn@?$basic_streambuf@DU?$char_traits@D@std@@@std@@MAE_JPBD_J@Z 004780c0     msvcprtd:MSVCP140D.dll
 0005:000000c4       __imp_?xsgetn@?$basic_streambuf@DU?$char_traits@D@std@@@std@@MAE_JPAD_J@Z 004780c4     msvcprtd:MSVCP140D.dll
 0005:000000c8       __imp_?showmanyc@?$basic_streambuf@DU?$char_traits@D@std@@@std@@MAE_JXZ 004780c8     msvcprtd:MSVCP140D.dll
 0005:000000cc       __imp_?_Fiopen@std@@YAPAU_iobuf@@PBDHH@Z 004780cc     msvcprtd:MSVCP140D.dll
 0005:000000d0       __imp_??1?$basic_istream@DU?$char_traits@D@std@@@std@@UAE@XZ 004780d0     msvcprtd:MSVCP140D.dll
 0005:000000d4       __imp_??0?$basic_istream@DU?$char_traits@D@std@@@std@@QAE@PAV?$basic_streambuf@DU?$char_traits@D@std@@@1@_N@Z 004780d4     msvcprtd:MSVCP140D.dll
 0005:000000d8       __imp_?flush@?$basic_ostream@DU?$char_traits@D@std@@@std@@QAEAAV12@XZ 004780d8     msvcprtd:MSVCP140D.dll
 0005:000000dc       __imp_?_Osfx@?$basic_ostream@DU?$char_traits@D@std@@@std@@QAEXXZ 004780dc     msvcprtd:MSVCP140D.dll
 0005:000000e0       __imp_??6?$basic_ostream@DU?$char_traits@D@std@@@std@@QAEAAV01@PBX@Z 004780e0     msvcprtd:MSVCP140D.dll
 0005:000000e4       __imp_?put@?$basic_ostream@DU?$char_traits@D@std@@@std@@QAEAAV12@D@Z 004780e4     msvcprtd:MSVCP140D.dll
 0005:000000e8       __imp_??0?$basic_ostream@DU?$char_traits@D@std@@@std@@QAE@PAV?$basic_streambuf@DU?$char_traits@D@std@@@1@_N@Z 004780e8     msvcprtd:MSVCP140D.dll
 0005:000000ec       __imp_??6?$basic_ostream@DU?$char_traits@D@std@@@std@@QAEAAV01@I@Z 004780ec     msvcprtd:MSVCP140D.dll
 0005:000000f0       __imp_??0_Lockit@std@@QAE@H@Z 004780f0     msvcprtd:MSVCP140D.dll
 0005:000000f4       __imp_??1_Lockit@std@@QAE@XZ 004780f4     msvcprtd:MSVCP140D.dll
 0005:000000f8       __imp_?_Xbad_alloc@std@@YAXXZ 004780f8     msvcprtd:MSVCP140D.dll
 0005:000000fc       __imp_?_Xlength_error@std@@YAXPBD@Z 004780fc     msvcprtd:MSVCP140D.dll
 0005:00000100       __imp_?uncaught_exception@std@@YA_NXZ 00478100     msvcprtd:MSVCP140D.dll
 0005:00000104       __imp_?_Debug_message@std@@YAXPB_W0I@Z 00478104     msvcprtd:MSVCP140D.dll
 0005:00000108       __imp_?_Xout_of_range@std@@YAXPBD@Z 00478108     msvcprtd:MSVCP140D.dll
 0005:0000010c       __imp_??Bid@locale@std@@QAEIXZ 0047810c     msvcprtd:MSVCP140D.dll
 0005:00000110       __imp_?_Getgloballocale@locale@std@@CAPAV_Locimp@12@XZ 00478110     msvcprtd:MSVCP140D.dll
 0005:00000114       __imp_?always_noconv@codecvt_base@std@@QBE_NXZ 00478114     msvcprtd:MSVCP140D.dll
 0005:00000118       __imp_?in@?$codecvt@DDU_Mbstatet@@@std@@QBEHAAU_Mbstatet@@PBD1AAPBDPAD3AAPAD@Z 00478118     msvcprtd:MSVCP140D.dll
 0005:0000011c       __imp_?out@?$codecvt@DDU_Mbstatet@@@std@@QBEHAAU_Mbstatet@@PBD1AAPBDPAD3AAPAD@Z 0047811c     msvcprtd:MSVCP140D.dll
 0005:00000120       __imp_?unshift@?$codecvt@DDU_Mbstatet@@@std@@QBEHAAU_Mbstatet@@PAD1AAPAD@Z 00478120     msvcprtd:MSVCP140D.dll
 0005:00000124       __imp_?_Getcat@?$codecvt@DDU_Mbstatet@@@std@@SAIPAPBVfacet@locale@2@PBV42@@Z 00478124     msvcprtd:MSVCP140D.dll
 0005:00000128       __imp_?good@ios_base@std@@QBE_NXZ 00478128     msvcprtd:MSVCP140D.dll
 0005:0000012c       __imp_?flags@ios_base@std@@QBEHXZ 0047812c     msvcprtd:MSVCP140D.dll
 0005:00000130       __imp_?width@ios_base@std@@QBE_JXZ 00478130     msvcprtd:MSVCP140D.dll
 0005:00000134       __imp_?width@ios_base@std@@QAE_J_J@Z 00478134     msvcprtd:MSVCP140D.dll
 0005:00000138       __imp_??0?$basic_streambuf@DU?$char_traits@D@std@@@std@@IAE@XZ 00478138     msvcprtd:MSVCP140D.dll
 0005:0000013c       __imp_??1?$basic_streambuf@DU?$char_traits@D@std@@@std@@UAE@XZ 0047813c     msvcprtd:MSVCP140D.dll
 0005:00000140       __imp_?getloc@?$basic_streambuf@DU?$char_traits@D@std@@@std@@QBE?AVlocale@2@XZ 00478140     msvcprtd:MSVCP140D.dll
 0005:00000144       __imp_?sputc@?$basic_streambuf@DU?$char_traits@D@std@@@std@@QAEHD@Z 00478144     msvcprtd:MSVCP140D.dll
 0005:00000148       __imp_?sputn@?$basic_streambuf@DU?$char_traits@D@std@@@std@@QAE_JPBD_J@Z 00478148     msvcprtd:MSVCP140D.dll
 0005:0000014c       __imp_?eback@?$basic_streambuf@DU?$char_traits@D@std@@@std@@IBEPADXZ 0047814c     msvcprtd:MSVCP140D.dll
 0005:00000150       __imp_?gptr@?$basic_streambuf@DU?$char_traits@D@std@@@std@@IBEPADXZ 00478150     msvcprtd:MSVCP140D.dll
 0005:00000154       __imp_?pptr@?$basic_streambuf@DU?$char_traits@D@std@@@std@@IBEPADXZ 00478154     msvcprtd:MSVCP140D.dll
 0005:00000158       __imp_?egptr@?$basic_streambuf@DU?$char_traits@D@std@@@std@@IBEPADXZ 00478158     msvcprtd:MSVCP140D.dll
 0005:0000015c       __imp_?setg@?$basic_streambuf@DU?$char_traits@D@std@@@std@@IAEXPAD00@Z 0047815c     msvcprtd:MSVCP140D.dll
 0005:00000160       __imp_?epptr@?$basic_streambuf@DU?$char_traits@D@std@@@std@@IBEPADXZ 00478160     msvcprtd:MSVCP140D.dll
 0005:00000164       __imp_?_Gndec@?$basic_streambuf@DU?$char_traits@D@std@@@std@@IAEPADXZ 00478164     msvcprtd:MSVCP140D.dll
 0005:00000168       __imp_?_Gninc@?$basic_streambuf@DU?$char_traits@D@std@@@std@@IAEPADXZ 00478168     msvcprtd:MSVCP140D.dll
 0005:0000016c       __imp_?_Pninc@?$basic_streambuf@DU?$char_traits@D@std@@@std@@IAEPADXZ 0047816c     msvcprtd:MSVCP140D.dll
 0005:00000170       __imp_?_Init@?$basic_streambuf@DU?$char_traits@D@std@@@std@@IAEXXZ 00478170     msvcprtd:MSVCP140D.dll
 0005:00000174       __imp_?_Init@?$basic_streambuf@DU?$char_traits@D@std@@@std@@IAEXPAPAD0PAH001@Z 00478174     msvcprtd:MSVCP140D.dll
 0005:00000178       __imp_??1?$basic_ios@DU?$char_traits@D@std@@@std@@UAE@XZ 00478178     msvcprtd:MSVCP140D.dll
 0005:0000017c       __imp_?setstate@?$basic_ios@DU?$char_traits@D@std@@@std@@QAEXH_N@Z 0047817c     msvcprtd:MSVCP140D.dll
 0005:00000180       __imp_?tie@?$basic_ios@DU?$char_traits@D@std@@@std@@QBEPAV?$basic_ostream@DU?$char_traits@D@std@@@2@XZ 00478180     msvcprtd:MSVCP140D.dll
 0005:00000184       __imp_?rdbuf@?$basic_ios@DU?$char_traits@D@std@@@std@@QBEPAV?$basic_streambuf@DU?$char_traits@D@std@@@2@XZ 00478184     msvcprtd:MSVCP140D.dll
 0005:00000188       __imp_?fill@?$basic_ios@DU?$char_traits@D@std@@@std@@QBEDXZ 00478188     msvcprtd:MSVCP140D.dll
 0005:0000018c       __imp_??0?$basic_ios@DU?$char_traits@D@std@@@std@@IAE@XZ 0047818c     msvcprtd:MSVCP140D.dll
 0005:00000190       __imp_??1?$basic_ostream@DU?$char_traits@D@std@@@std@@UAE@XZ 00478190     msvcprtd:MSVCP140D.dll
 0005:00000194       \177MSVCP140D_NULL_THUNK_DATA 00478194     msvcprtd:MSVCP140D.dll
 0005:000001f0       __imp__memcmp              004781f0     vcruntimed:VCRUNTIME140D.dll
 0005:000001f4       __imp____vcrt_LoadLibraryExW 004781f4     vcruntimed:VCRUNTIME140D.dll
 0005:000001f8       __imp____vcrt_GetModuleHandleW 004781f8     vcruntimed:VCRUNTIME140D.dll
 0005:000001fc       __imp____vcrt_GetModuleFileNameW 004781fc     vcruntimed:VCRUNTIME140D.dll
 0005:00000200       __imp____std_type_info_destroy_list 00478200     vcruntimed:VCRUNTIME140D.dll
 0005:00000204       __imp___except_handler4_common 00478204     vcruntimed:VCRUNTIME140D.dll
 0005:00000208       __imp____RTDynamicCast     00478208     vcruntimed:VCRUNTIME140D.dll
 0005:0000020c       __imp___CxxThrowException@8 0047820c     vcruntimed:VCRUNTIME140D.dll
 0005:00000210       __imp____std_exception_destroy 00478210     vcruntimed:VCRUNTIME140D.dll
 0005:00000214       __imp____std_exception_copy 00478214     vcruntimed:VCRUNTIME140D.dll
 0005:00000218       __imp__memset              00478218     vcruntimed:VCRUNTIME140D.dll
 0005:0000021c       __imp____CxxFrameHandler3  0047821c     vcruntimed:VCRUNTIME140D.dll
 0005:00000220       __imp__memmove             00478220     vcruntimed:VCRUNTIME140D.dll
 0005:00000224       __imp__memcpy              00478224     vcruntimed:VCRUNTIME140D.dll
 0005:00000228       \177VCRUNTIME140D_NULL_THUNK_DATA 00478228     vcruntimed:VCRUNTIME140D.dll
 0005:0000025c       __imp__al_draw_filled_rectangle 0047825c     allegro-5.0.10-monolith-md-debug:allegro-5.0.10-monolith-md-debug.dll
 0005:00000260       __imp__al_shutdown_primitives_addon 00478260     allegro-5.0.10-monolith-md-debug:allegro-5.0.10-monolith-md-debug.dll
 0005:00000264       __imp__al_create_display   00478264     allegro-5.0.10-monolith-md-debug:allegro-5.0.10-monolith-md-debug.dll
 0005:00000268       __imp__al_shutdown_ttf_addon 00478268     allegro-5.0.10-monolith-md-debug:allegro-5.0.10-monolith-md-debug.dll
 0005:0000026c       __imp__al_destroy_display  0047826c     allegro-5.0.10-monolith-md-debug:allegro-5.0.10-monolith-md-debug.dll
 0005:00000270       __imp__al_set_target_bitmap 00478270     allegro-5.0.10-monolith-md-debug:allegro-5.0.10-monolith-md-debug.dll
 0005:00000274       __imp__al_get_backbuffer   00478274     allegro-5.0.10-monolith-md-debug:allegro-5.0.10-monolith-md-debug.dll
 0005:00000278       __imp__al_get_target_bitmap 00478278     allegro-5.0.10-monolith-md-debug:allegro-5.0.10-monolith-md-debug.dll
 0005:0000027c       __imp__al_flip_display     0047827c     allegro-5.0.10-monolith-md-debug:allegro-5.0.10-monolith-md-debug.dll
 0005:00000280       __imp__al_create_sub_bitmap 00478280     allegro-5.0.10-monolith-md-debug:allegro-5.0.10-monolith-md-debug.dll
 0005:00000284       __imp__al_draw_bitmap      00478284     allegro-5.0.10-monolith-md-debug:allegro-5.0.10-monolith-md-debug.dll
 0005:00000288       __imp__al_draw_rotated_bitmap 00478288     allegro-5.0.10-monolith-md-debug:allegro-5.0.10-monolith-md-debug.dll
 0005:0000028c       __imp__al_get_bitmap_width 0047828c     allegro-5.0.10-monolith-md-debug:allegro-5.0.10-monolith-md-debug.dll
 0005:00000290       __imp__al_create_bitmap    00478290     allegro-5.0.10-monolith-md-debug:allegro-5.0.10-monolith-md-debug.dll
 0005:00000294       __imp__al_destroy_bitmap   00478294     allegro-5.0.10-monolith-md-debug:allegro-5.0.10-monolith-md-debug.dll
 0005:00000298       __imp__al_clone_bitmap     00478298     allegro-5.0.10-monolith-md-debug:allegro-5.0.10-monolith-md-debug.dll
 0005:0000029c       __imp__al_load_bitmap      0047829c     allegro-5.0.10-monolith-md-debug:allegro-5.0.10-monolith-md-debug.dll
 0005:000002a0       __imp__al_clear_to_color   004782a0     allegro-5.0.10-monolith-md-debug:allegro-5.0.10-monolith-md-debug.dll
 0005:000002a4       __imp__al_init_primitives_addon 004782a4     allegro-5.0.10-monolith-md-debug:allegro-5.0.10-monolith-md-debug.dll
 0005:000002a8       __imp__al_get_bitmap_height 004782a8     allegro-5.0.10-monolith-md-debug:allegro-5.0.10-monolith-md-debug.dll
 0005:000002ac       __imp__al_get_mouse_state  004782ac     allegro-5.0.10-monolith-md-debug:allegro-5.0.10-monolith-md-debug.dll
 0005:000002b0       __imp__al_mouse_button_down 004782b0     allegro-5.0.10-monolith-md-debug:allegro-5.0.10-monolith-md-debug.dll
 0005:000002b4       __imp__al_get_keyboard_state 004782b4     allegro-5.0.10-monolith-md-debug:allegro-5.0.10-monolith-md-debug.dll
 0005:000002b8       __imp__al_key_down         004782b8     allegro-5.0.10-monolith-md-debug:allegro-5.0.10-monolith-md-debug.dll
 0005:000002bc       __imp__al_install_keyboard 004782bc     allegro-5.0.10-monolith-md-debug:allegro-5.0.10-monolith-md-debug.dll
 0005:000002c0       __imp__al_uninstall_keyboard 004782c0     allegro-5.0.10-monolith-md-debug:allegro-5.0.10-monolith-md-debug.dll
 0005:000002c4       __imp__al_install_mouse    004782c4     allegro-5.0.10-monolith-md-debug:allegro-5.0.10-monolith-md-debug.dll
 0005:000002c8       __imp__al_uninstall_mouse  004782c8     allegro-5.0.10-monolith-md-debug:allegro-5.0.10-monolith-md-debug.dll
 0005:000002cc       __imp__al_install_system   004782cc     allegro-5.0.10-monolith-md-debug:allegro-5.0.10-monolith-md-debug.dll
 0005:000002d0       __imp__al_install_audio    004782d0     allegro-5.0.10-monolith-md-debug:allegro-5.0.10-monolith-md-debug.dll
 0005:000002d4       __imp__al_uninstall_audio  004782d4     allegro-5.0.10-monolith-md-debug:allegro-5.0.10-monolith-md-debug.dll
 0005:000002d8       __imp__al_reserve_samples  004782d8     allegro-5.0.10-monolith-md-debug:allegro-5.0.10-monolith-md-debug.dll
 0005:000002dc       __imp__al_init_acodec_addon 004782dc     allegro-5.0.10-monolith-md-debug:allegro-5.0.10-monolith-md-debug.dll
 0005:000002e0       __imp__al_init_image_addon 004782e0     allegro-5.0.10-monolith-md-debug:allegro-5.0.10-monolith-md-debug.dll
 0005:000002e4       __imp__al_shutdown_image_addon 004782e4     allegro-5.0.10-monolith-md-debug:allegro-5.0.10-monolith-md-debug.dll
 0005:000002e8       __imp__al_destroy_font     004782e8     allegro-5.0.10-monolith-md-debug:allegro-5.0.10-monolith-md-debug.dll
 0005:000002ec       __imp__al_init_font_addon  004782ec     allegro-5.0.10-monolith-md-debug:allegro-5.0.10-monolith-md-debug.dll
 0005:000002f0       __imp__al_shutdown_font_addon 004782f0     allegro-5.0.10-monolith-md-debug:allegro-5.0.10-monolith-md-debug.dll
 0005:000002f4       __imp__al_load_ttf_font    004782f4     allegro-5.0.10-monolith-md-debug:allegro-5.0.10-monolith-md-debug.dll
 0005:000002f8       __imp__al_init_ttf_addon   004782f8     allegro-5.0.10-monolith-md-debug:allegro-5.0.10-monolith-md-debug.dll
 0005:000002fc       \177allegro-5.0.10-monolith-md-debug_NULL_THUNK_DATA 004782fc     allegro-5.0.10-monolith-md-debug:allegro-5.0.10-monolith-md-debug.dll
 0005:00000348       __imp___time64             00478348     ucrtd:ucrtbased.dll
 0005:0000034c       __imp___wassert            0047834c     ucrtd:ucrtbased.dll
 0005:00000350       __imp____acrt_iob_func     00478350     ucrtd:ucrtbased.dll
 0005:00000354       __imp____stdio_common_vfprintf 00478354     ucrtd:ucrtbased.dll
 0005:00000358       __imp__free                00478358     ucrtd:ucrtbased.dll
 0005:0000035c       __imp__malloc              0047835c     ucrtd:ucrtbased.dll
 0005:00000360       __imp__rand                00478360     ucrtd:ucrtbased.dll
 0005:00000364       __imp___free_dbg           00478364     ucrtd:ucrtbased.dll
 0005:00000368       __imp___malloc_dbg         00478368     ucrtd:ucrtbased.dll
 0005:0000036c       __imp___callnewh           0047836c     ucrtd:ucrtbased.dll
 0005:00000370       __imp___CrtDbgReport       00478370     ucrtd:ucrtbased.dll
 0005:00000374       __imp___seh_filter_dll     00478374     ucrtd:ucrtbased.dll
 0005:00000378       __imp___configure_narrow_argv 00478378     ucrtd:ucrtbased.dll
 0005:0000037c       __imp___initialize_narrow_environment 0047837c     ucrtd:ucrtbased.dll
 0005:00000380       __imp___initialize_onexit_table 00478380     ucrtd:ucrtbased.dll
 0005:00000384       __imp___register_onexit_function 00478384     ucrtd:ucrtbased.dll
 0005:00000388       __imp___execute_onexit_table 00478388     ucrtd:ucrtbased.dll
 0005:0000038c       __imp___crt_atexit         0047838c     ucrtd:ucrtbased.dll
 0005:00000390       __imp___crt_at_quick_exit  00478390     ucrtd:ucrtbased.dll
 0005:00000394       __imp___cexit              00478394     ucrtd:ucrtbased.dll
 0005:00000398       __imp___seh_filter_exe     00478398     ucrtd:ucrtbased.dll
 0005:0000039c       __imp___set_app_type       0047839c     ucrtd:ucrtbased.dll
 0005:000003a0       __imp____setusermatherr    004783a0     ucrtd:ucrtbased.dll
 0005:000003a4       __imp___get_initial_narrow_environment 004783a4     ucrtd:ucrtbased.dll
 0005:000003a8       __imp___initterm           004783a8     ucrtd:ucrtbased.dll
 0005:000003ac       __imp___initterm_e         004783ac     ucrtd:ucrtbased.dll
 0005:000003b0       __imp__exit                004783b0     ucrtd:ucrtbased.dll
 0005:000003b4       __imp___exit               004783b4     ucrtd:ucrtbased.dll
 0005:000003b8       __imp___set_fmode          004783b8     ucrtd:ucrtbased.dll
 0005:000003bc       __imp____p___argc          004783bc     ucrtd:ucrtbased.dll
 0005:000003c0       __imp____p___argv          004783c0     ucrtd:ucrtbased.dll
 0005:000003c4       __imp___c_exit             004783c4     ucrtd:ucrtbased.dll
 0005:000003c8       __imp___register_thread_local_exe_atexit_callback 004783c8     ucrtd:ucrtbased.dll
 0005:000003cc       __imp___configthreadlocale 004783cc     ucrtd:ucrtbased.dll
 0005:000003d0       __imp___set_new_mode       004783d0     ucrtd:ucrtbased.dll
 0005:000003d4       __imp____p__commode        004783d4     ucrtd:ucrtbased.dll
 0005:000003d8       __imp___except1            004783d8     ucrtd:ucrtbased.dll
 0005:000003dc       __imp__strcpy_s            004783dc     ucrtd:ucrtbased.dll
 0005:000003e0       __imp__strcat_s            004783e0     ucrtd:ucrtbased.dll
 0005:000003e4       __imp____stdio_common_vsprintf_s 004783e4     ucrtd:ucrtbased.dll
 0005:000003e8       __imp__terminate           004783e8     ucrtd:ucrtbased.dll
 0005:000003ec       __imp___controlfp_s        004783ec     ucrtd:ucrtbased.dll
 0005:000003f0       __imp___wmakepath_s        004783f0     ucrtd:ucrtbased.dll
 0005:000003f4       __imp___wsplitpath_s       004783f4     ucrtd:ucrtbased.dll
 0005:000003f8       __imp__wcscpy_s            004783f8     ucrtd:ucrtbased.dll
 0005:000003fc       __imp___invalid_parameter  004783fc     ucrtd:ucrtbased.dll
 0005:00000400       __imp__srand               00478400     ucrtd:ucrtbased.dll
 0005:00000404       __imp___unlock_file        00478404     ucrtd:ucrtbased.dll
 0005:00000408       __imp___lock_file          00478408     ucrtd:ucrtbased.dll
 0005:0000040c       __imp__ungetc              0047840c     ucrtd:ucrtbased.dll
 0005:00000410       __imp__setvbuf             00478410     ucrtd:ucrtbased.dll
 0005:00000414       __imp__fwrite              00478414     ucrtd:ucrtbased.dll
 0005:00000418       __imp___fseeki64           00478418     ucrtd:ucrtbased.dll
 0005:0000041c       __imp__fsetpos             0047841c     ucrtd:ucrtbased.dll
 0005:00000420       __imp__fputc               00478420     ucrtd:ucrtbased.dll
 0005:00000424       __imp__fgetpos             00478424     ucrtd:ucrtbased.dll
 0005:00000428       __imp__fgetc               00478428     ucrtd:ucrtbased.dll
 0005:0000042c       __imp__fflush              0047842c     ucrtd:ucrtbased.dll
 0005:00000430       __imp__fclose              00478430     ucrtd:ucrtbased.dll
 0005:00000434       __imp___get_stream_buffer_pointers 00478434     ucrtd:ucrtbased.dll
 0005:00000438       __imp__system              00478438     ucrtd:ucrtbased.dll
 0005:0000043c       __imp___errno              0047843c     ucrtd:ucrtbased.dll
 0005:00000440       __imp___invalid_parameter_noinfo 00478440     ucrtd:ucrtbased.dll
 0005:00000444       __imp___CrtDbgReportW      00478444     ucrtd:ucrtbased.dll
 0005:00000448       __imp__strlen              00478448     ucrtd:ucrtbased.dll
 0005:0000044c       __imp__atan                0047844c     ucrtd:ucrtbased.dll
 0005:00000450       __imp__sqrt                00478450     ucrtd:ucrtbased.dll
 0005:00000454       \177ucrtbased_NULL_THUNK_DATA 00478454     ucrtd:ucrtbased.dll
 0005:000004b4       __IMPORT_DESCRIPTOR_allegro-5.0.10-monolith-md-debug 004784b4     allegro-5.0.10-monolith-md-debug:allegro-5.0.10-monolith-md-debug.dll
 0005:000004c8       __IMPORT_DESCRIPTOR_KERNEL32 004784c8     kernel32:KERNEL32.dll
 0005:000004dc       __IMPORT_DESCRIPTOR_MSVCP140D 004784dc     msvcprtd:MSVCP140D.dll
 0005:000004f0       __IMPORT_DESCRIPTOR_VCRUNTIME140D 004784f0     vcruntimed:VCRUNTIME140D.dll
 0005:00000504       __IMPORT_DESCRIPTOR_ucrtbased 00478504     ucrtd:ucrtbased.dll
 0005:00000518       __NULL_IMPORT_DESCRIPTOR   00478518     allegro-5.0.10-monolith-md-debug:allegro-5.0.10-monolith-md-debug.dll
 0006:00000000       ___guard_check_icall_fptr  0047b000     MSVCRTD:guard_support.obj
